Component: ARM Compiler 5.05 update 1 (build 106) Tool: armlink [4d0efa]

==============================================================================

Section Cross References

    main.o(i.main) refers to pin.o(i.rt_pin_mode) for rt_pin_mode
    main.o(i.main) refers to pin.o(i.rt_pin_write) for rt_pin_write
    main.o(i.main) refers to thread.o(i.rt_thread_mdelay) for rt_thread_mdelay
    syscalls.o(i._sys_close) refers (Special) to use_no_semi.o(.text) for __use_no_semihosting_swi
    syscalls.o(i._sys_close) refers to kservice.o(i.rt_kprintf) for rt_kprintf
    syscalls.o(i._sys_close) refers to syscalls.o(.constdata) for __func__
    syscalls.o(i._sys_command_string) refers (Special) to use_no_semi.o(.text) for __use_no_semihosting_swi
    syscalls.o(i._sys_exit) refers (Special) to use_no_semi.o(.text) for __use_no_semihosting_swi
    syscalls.o(i._sys_exit) refers to stdlib.o(i.__rt_libc_exit) for __rt_libc_exit
    syscalls.o(i._sys_flen) refers (Special) to use_no_semi.o(.text) for __use_no_semihosting_swi
    syscalls.o(i._sys_flen) refers to kservice.o(i.rt_kprintf) for rt_kprintf
    syscalls.o(i._sys_flen) refers to syscalls.o(.constdata) for __func__
    syscalls.o(i._sys_istty) refers (Special) to use_no_semi.o(.text) for __use_no_semihosting_swi
    syscalls.o(i._sys_open) refers (Special) to use_no_semi.o(.text) for __use_no_semihosting_swi
    syscalls.o(i._sys_open) refers to strcmpv7m.o(.text) for strcmp
    syscalls.o(i._sys_open) refers to kservice.o(i.rt_kprintf) for rt_kprintf
    syscalls.o(i._sys_open) refers to syscalls.o(.constdata) for __stdin_name
    syscalls.o(i._sys_read) refers (Special) to use_no_semi.o(.text) for __use_no_semihosting_swi
    syscalls.o(i._sys_read) refers to kservice.o(i.rt_kprintf) for rt_kprintf
    syscalls.o(i._sys_read) refers to syscalls.o(.constdata) for __func__
    syscalls.o(i._sys_seek) refers (Special) to use_no_semi.o(.text) for __use_no_semihosting_swi
    syscalls.o(i._sys_seek) refers to kservice.o(i.rt_kprintf) for rt_kprintf
    syscalls.o(i._sys_seek) refers to syscalls.o(.constdata) for __func__
    syscalls.o(i._sys_tmpnam) refers (Special) to use_no_semi.o(.text) for __use_no_semihosting_swi
    syscalls.o(i._sys_tmpnam) refers to kservice.o(i.rt_snprintf) for rt_snprintf
    syscalls.o(i._sys_write) refers (Special) to use_no_semi.o(.text) for __use_no_semihosting_swi
    syscalls.o(i._sys_write) refers to kservice.o(i.rt_console_get_device) for rt_console_get_device
    syscalls.o(i._sys_write) refers to device.o(i.rt_device_write) for rt_device_write
    syscalls.o(i._sys_write) refers to kservice.o(i.rt_kprintf) for rt_kprintf
    syscalls.o(i._sys_write) refers to syscalls.o(.constdata) for __func__
    syscalls.o(i._ttywrch) refers (Special) to use_no_semi.o(.text) for __use_no_semihosting_swi
    syscalls.o(i._ttywrch) refers to kservice.o(i.rt_kprintf) for rt_kprintf
    syscalls.o(i.remove) refers (Special) to use_no_semi.o(.text) for __use_no_semihosting_swi
    syscalls.o(i.remove) refers to kservice.o(i.rt_kprintf) for rt_kprintf
    syscalls.o(i.remove) refers to syscalls.o(.constdata) for __func__
    syscalls.o(.constdata) refers (Special) to use_no_semi.o(.text) for __use_no_semihosting_swi
    syscall_mem.o(i.calloc) refers (Special) to hguard.o(.text) for __use_no_heap
    syscall_mem.o(i.calloc) refers to kservice.o(i.rt_calloc) for rt_calloc
    syscall_mem.o(i.free) refers (Special) to hguard.o(.text) for __use_no_heap
    syscall_mem.o(i.free) refers to kservice.o(i.rt_free) for rt_free
    syscall_mem.o(i.malloc) refers (Special) to hguard.o(.text) for __use_no_heap
    syscall_mem.o(i.malloc) refers to kservice.o(i.rt_malloc) for rt_malloc
    syscall_mem.o(i.realloc) refers (Special) to hguard.o(.text) for __use_no_heap
    syscall_mem.o(i.realloc) refers to kservice.o(i.rt_realloc) for rt_realloc
    time.o(i.asctime) refers to time.o(i.asctime_r) for asctime_r
    time.o(i.asctime) refers to time.o(.bss) for buf
    time.o(i.asctime_r) refers to kservice.o(i.rt_strlen) for rt_strlen
    time.o(i.asctime_r) refers to kservice.o(i.rt_kprintf) for rt_kprintf
    time.o(i.asctime_r) refers to time.o(i.num2str) for num2str
    time.o(i.asctime_r) refers to time.o(.data) for days
    time.o(i.asctime_r) refers to time.o(.conststring) for .conststring
    time.o(i.clock) refers to clock.o(i.rt_tick_get) for rt_tick_get
    time.o(i.ctime) refers to time.o(i.localtime) for localtime
    time.o(i.ctime) refers to time.o(i.asctime) for asctime
    time.o(i.ctime_r) refers to time.o(i.localtime_r) for localtime_r
    time.o(i.ctime_r) refers to time.o(i.asctime_r) for asctime_r
    time.o(i.get_timeval) refers to kservice.o(i.rt_kprintf) for rt_kprintf
    time.o(i.gettimeofday) refers to time.o(i.tz_get) for tz_get
    time.o(i.gettimeofday) refers to time.o(i.get_timeval) for get_timeval
[...]
    _terminate_alloc                          - Undefined Weak Reference
    _terminate_user_alloc                     - Undefined Weak Reference
    _terminateio                              - Undefined Weak Reference
    __Vectors_Size                           0x00000188   Number         0  startup_stm32f407xx.o ABSOLUTE
    __Vectors                                0x08000000   Data           4  startup_stm32f407xx.o(RESET)
    __Vectors_End                            0x08000188   Data           0  startup_stm32f407xx.o(RESET)
    __main                                   0x08000189   Thumb Code     8  __main.o(!!!main)
    __scatterload                            0x08000191   Thumb Code     0  __scatter.o(!!!scatter)
    __scatterload_rt2                        0x08000191   Thumb Code    44  __scatter.o(!!!scatter)
    __scatterload_rt2_thumb_only             0x08000191   Thumb Code     0  __scatter.o(!!!scatter)
    __scatterload_null                       0x0800019f   Thumb Code     0  __scatter.o(!!!scatter)
    __decompress                             0x080001c5   Thumb Code    90  __dczerorl2.o(!!dczerorl2)
    __decompress1                            0x080001c5   Thumb Code     0  __dczerorl2.o(!!dczerorl2)
    __scatterload_zeroinit                   0x08000221   Thumb Code    28  __scatter_zi.o(!!handler_zi)
    __rt_lib_init                            0x0800023d   Thumb Code     0  libinit.o(.ARM.Collect$$libinit$$00000000)
    __rt_lib_init_fp_1                       0x0800023f   Thumb Code     0  libinit2.o(.ARM.Collect$$libinit$$00000001)
    __rt_lib_init_alloca_1                   0x08000243   Thumb Code     0  libinit2.o(.ARM.Collect$$libinit$$0000002E)
    __rt_lib_init_argv_1                     0x08000243   Thumb Code     0  libinit2.o(.ARM.Collect$$libinit$$0000002C)
    __rt_lib_init_atexit_1                   0x08000243   Thumb Code     0  libinit2.o(.ARM.Collect$$libinit$$0000001B)
    __rt_lib_init_clock_1                    0x08000243   Thumb Code     0  libinit2.o(.ARM.Collect$$libinit$$00000021)
    __rt_lib_init_cpp_1                      0x08000243   Thumb Code     0  libinit2.o(.ARM.Collect$$libinit$$00000032)
    __rt_lib_init_exceptions_1               0x08000243   Thumb Code     0  libinit2.o(.ARM.Collect$$libinit$$00000030)
    __rt_lib_init_fp_trap_1                  0x08000243   Thumb Code     0  libinit2.o(.ARM.Collect$$libinit$$0000001F)
    __rt_lib_init_getenv_1                   0x08000243   Thumb Code     0  libinit2.o(.ARM.Collect$$libinit$$00000023)
    __rt_lib_init_heap_1                     0x08000243   Thumb Code     0  libinit2.o(.ARM.Collect$$libinit$$0000000A)
    __rt_lib_init_lc_collate_1               0x08000243   Thumb Code     0  libinit2.o(.ARM.Collect$$libinit$$00000011)
    __rt_lib_init_lc_ctype_1                 0x08000243   Thumb Code     0  libinit2.o(.ARM.Collect$$libinit$$00000013)
    __rt_lib_init_lc_monetary_1              0x08000243   Thumb Code     0  libinit2.o(.ARM.Collect$$libinit$$00000015)
    __rt_lib_init_lc_numeric_1               0x08000243   Thumb Code     0  libinit2.o(.ARM.Collect$$libinit$$00000017)
    __rt_lib_init_lc_time_1                  0x08000243   Thumb Code     0  libinit2.o(.ARM.Collect$$libinit$$00000019)
    __rt_lib_init_preinit_1                  0x08000243   Thumb Code     0  libinit2.o(.ARM.Collect$$libinit$$00000004)
    __rt_lib_init_rand_1                     0x08000243   Thumb Code     0  libinit2.o(.ARM.Collect$$libinit$$0000000E)
    __rt_lib_init_return                     0x08000243   Thumb Code     0  libinit2.o(.ARM.Collect$$libinit$$00000033)
    __rt_lib_init_signal_1                   0x08000243   Thumb Code     0  libinit2.o(.ARM.Collect$$libinit$$0000001D)
    __rt_lib_init_stdio_1                    0x08000243   Thumb Code     0  libinit2.o(.ARM.Collect$$libinit$$00000025)
    __rt_lib_init_user_alloc_1               0x08000243   Thumb Code     0  libinit2.o(.ARM.Collect$$libinit$$0000000C)
    __rt_lib_shutdown                        0x08000245   Thumb Code     0  libshutdown.o(.ARM.Collect$$libshutdown$$00000000)
    __rt_lib_shutdown_fp_trap_1              0x08000247   Thumb Code     0  libshutdown2.o(.ARM.Collect$$libshutdown$$00000006)
    __rt_lib_shutdown_heap_1                 0x08000247   Thumb Code     0  libshutdown2.o(.ARM.Collect$$libshutdown$$0000000E)
    __rt_lib_shutdown_return                 0x08000247   Thumb Code     0  libshutdown2.o(.ARM.Collect$$libshutdown$$0000000F)
    __rt_lib_shutdown_signal_1               0x08000247   Thumb Code     0  libshutdown2.o(.ARM.Collect$$libshutdown$$00000009)
    __rt_lib_shutdown_stdio_1                0x08000247   Thumb Code     0  libshutdown2.o(.ARM.Collect$$libshutdown$$00000003)
    __rt_lib_shutdown_user_alloc_1           0x08000247   Thumb Code     0  libshutdown2.o(.ARM.Collect$$libshutdown$$0000000B)
    __rt_entry                               0x08000249   Thumb Code     0  __rtentry.o(.ARM.Collect$$rtentry$$00000000)
    __rt_entry_presh_1                       0x08000249   Thumb Code     0  __rtentry2.o(.ARM.Collect$$rtentry$$00000002)
    __rt_entry_sh                            0x08000249   Thumb Code     0  __rtentry4.o(.ARM.Collect$$rtentry$$00000004)
    __rt_entry_li                            0x0800024f   Thumb Code     0  __rtentry2.o(.ARM.Collect$$rtentry$$0000000A)
    __rt_entry_postsh_1                      0x0800024f   Thumb Code     0  __rtentry2.o(.ARM.Collect$$rtentry$$00000009)
    __rt_entry_main                          0x08000253   Thumb Code     0  __rtentry2.o(.ARM.Collect$$rtentry$$0000000D)
    __rt_entry_postli_1                      0x08000253   Thumb Code     0  __rtentry2.o(.ARM.Collect$$rtentry$$0000000C)
    __rt_exit                                0x0800025b   Thumb Code     0  rtexit.o(.ARM.Collect$$rtexit$$00000000)
    __rt_exit_ls                             0x0800025d   Thumb Code     0  rtexit2.o(.ARM.Collect$$rtexit$$00000003)
    __rt_exit_prels_1                        0x0800025d   Thumb Code     0  rtexit2.o(.ARM.Collect$$rtexit$$00000002)
    __rt_exit_exit                           0x08000261   Thumb Code     0  rtexit2.o(.ARM.Collect$$rtexit$$00000004)
    __rt_ffs                                 0x08000269   Thumb Code    16  cpuport.o(.emb_text)
    rt_hw_interrupt_disable                  0x08000279   Thumb Code     8  context_rvds.o(.text)
    rt_hw_interrupt_enable                   0x08000281   Thumb Code     6  context_rvds.o(.text)
    rt_hw_context_switch                     0x08000287   Thumb Code    32  context_rvds.o(.text)
    rt_hw_context_switch_interrupt           0x08000287   Thumb Code     0  context_rvds.o(.text)
    PendSV_Handler                           0x080002a7   Thumb Code   108  context_rvds.o(.text)
    rt_hw_context_switch_to                  0x08000313   Thumb Code    68  context_rvds.o(.text)
    rt_hw_interrupt_thread_switch            0x08000357   Thumb Code     2  context_rvds.o(.text)
    HardFault_Handler                        0x08000359   Thumb Code    56  context_rvds.o(.text)
    Reset_Handler                            0x080003ad   Thumb Code     8  startup_stm32f407xx.o(.text)
    NMI_Handler                              0x080003b5   Thumb Code     2  startup_stm32f407xx.o(.text)
    MemManage_Handler                        0x080003b9   Thumb Code     2  startup_stm32f407xx.o(.text)
    BusFault_Handler                         0x080003bb   Thumb Code     2  startup_stm32f407xx.o(.text)
    UsageFault_Handler                       0x080003bd   Thumb Code     2  startup_stm32f407xx.o(.text)
    SVC_Handler                              0x080003bf   Thumb Code     2  startup_stm32f407xx.o(.text)
    DebugMon_Handler                         0x080003c1   Thumb Code     2  startup_stm32f407xx.o(.text)
    ADC_IRQHandler                           0x080003c7   Thumb Code     0  startup_stm32f407xx.o(.text)
    CAN1_RX0_IRQHandler                      0x080003c7   Thumb Code     0  startup_stm32f407xx.o(.text)
    CAN1_RX1_IRQHandler                      0x080003c7   Thumb Code     0  startup_stm32f407xx.o(.text)
    CAN1_SCE_IRQHandler                      0x080003c7   Thumb Code     0  startup_stm32f407xx.o(.text)
    CAN1_TX_IRQHandler                       0x080003c7   Thumb Code     0  startup_stm32f407xx.o(.text)
    CAN2_RX0_IRQHandler                      0x080003c7   Thumb Code     0  startup_stm32f407xx.o(.text)
    CAN2_RX1_IRQHandler                      0x080003c7   Thumb Code     0  startup_stm32f407xx.o(.text)
    CAN2_SCE_IRQHandler                      0x080003c7   Thumb Code     0  startup_stm32f407xx.o(.text)
    CAN2_TX_IRQHandler                       0x080003c7   Thumb Code     0  startup_stm32f407xx.o(.text)
    DCMI_IRQHandler                          0x080003c7   Thumb Code     0  startup_stm32f407xx.o(.text)
    DMA1_Stream0_IRQHandler                  0x080003c7   Thumb Code     0  startup_stm32f407xx.o(.text)
    DMA1_Stream1_IRQHandler                  0x080003c7   Thumb Code     0  startup_stm32f407xx.o(.text)
    DMA1_Stream2_IRQHandler                  0x080003c7   Thumb Code     0  startup_stm32f407xx.o(.text)
    DMA1_Stream3_IRQHandler                  0x080003c7   Thumb Code     0  startup_stm32f407xx.o(.text)
    DMA1_Stream4_IRQHandler                  0x080003c7   Thumb Code     0  startup_stm32f407xx.o(.text)
    DMA1_Stream5_IRQHandler                  0x080003c7   Thumb Code     0  startup_stm32f407xx.o(.text)
    DMA1_Stream6_IRQHandler                  0x080003c7   Thumb Code     0  startup_stm32f407xx.o(.text)
    DMA1_Stream7_IRQHandler                  0x080003c7   Thumb Code     0  startup_stm32f407xx.o(.text)
    DMA2_Stream0_IRQHandler                  0x080003c7   Thumb Code     0  startup_stm32f407xx.o(.text)
    DMA2_Stream1_IRQHandler                  0x080003c7   Thumb Code     0  startup_stm32f407xx.o(.text)
    DMA2_Stream2_IRQHandler                  0x080003c7   Thumb Code     0  startup_stm32f407xx.o(.text)
    DMA2_Stream3_IRQHandler                  0x080003c7   Thumb Code     0  startup_stm32f407xx.o(.text)
    DMA2_Stream4_IRQHandler                  0x080003c7   Thumb Code     0  startup_stm32f407xx.o(.text)
    DMA2_Stream5_IRQHandler                  0x080003c7   Thumb Code     0  startup_stm32f407xx.o(.text)
    DMA2_Stream6_IRQHandler                  0x080003c7   Thumb Code     0  startup_stm32f407xx.o(.text)
    DMA2_Stream7_IRQHandler                  0x080003c7   Thumb Code     0  startup_stm32f407xx.o(.text)
    ETH_IRQHandler                           0x080003c7   Thumb Code     0  startup_stm32f407xx.o(.text)
    ETH_WKUP_IRQHandler                      0x080003c7   Thumb Code     0  startup_stm32f407xx.o(.text)
    FLASH_IRQHandler                         0x080003c7   Thumb Code     0  startup_stm32f407xx.o(.text)
    FMC_IRQHandler                           0x080003c7   Thumb Code     0  startup_stm32f407xx.o(.text)
    FPU_IRQHandler                           0x080003c7   Thumb Code     0  startup_stm32f407xx.o(.text)
    HASH_RNG_IRQHandler                      0x080003c7   Thumb Code     0  startup_stm32f407xx.o(.text)
    I2C1_ER_IRQHandler                       0x080003c7   Thumb Code     0  startup_stm32f407xx.o(.text)
    I2C1_EV_IRQHandler                       0x080003c7   Thumb Code     0  startup_stm32f407xx.o(.text)
    I2C2_ER_IRQHandler                       0x080003c7   Thumb Code     0  startup_stm32f407xx.o(.text)
    I2C2_EV_IRQHandler                       0x080003c7   Thumb Code     0  startup_stm32f407xx.o(.text)
    I2C3_ER_IRQHandler                       0x080003c7   Thumb Code     0  startup_stm32f407xx.o(.text)
    I2C3_EV_IRQHandler                       0x080003c7   Thumb Code     0  startup_stm32f407xx.o(.text)
    OTG_FS_IRQHandler                        0x080003c7   Thumb Code     0  startup_stm32f407xx.o(.text)
    OTG_FS_WKUP_IRQHandler                   0x080003c7   Thumb Code     0  startup_stm32f407xx.o(.text)
    OTG_HS_EP1_IN_IRQHandler                 0x080003c7   Thumb Code     0  startup_stm32f407xx.o(.text)
    OTG_HS_EP1_OUT_IRQHandler                0x080003c7   Thumb Code     0  startup_stm32f407xx.o(.text)
    OTG_HS_IRQHandler                        0x080003c7   Thumb Code     0  startup_stm32f407xx.o(.text)
    OTG_HS_WKUP_IRQHandler                   0x080003c7   Thumb Code     0  startup_stm32f407xx.o(.text)
    PVD_IRQHandler                           0x080003c7   Thumb Code     0  startup_stm32f407xx.o(.text)
    RCC_IRQHandler                           0x080003c7   Thumb Code     0  startup_stm32f407xx.o(.text)
    RTC_Alarm_IRQHandler                     0x080003c7   Thumb Code     0  startup_stm32f407xx.o(.text)
    RTC_WKUP_IRQHandler                      0x080003c7   Thumb Code     0  startup_stm32f407xx.o(.text)
    SDIO_IRQHandler                          0x080003c7   Thumb Code     0  startup_stm32f407xx.o(.text)
    SPI1_IRQHandler                          0x080003c7   Thumb Code     0  startup_stm32f407xx.o(.text)
    SPI2_IRQHandler                          0x080003c7   Thumb Code     0  startup_stm32f407xx.o(.text)
    SPI3_IRQHandler                          0x080003c7   Thumb Code     0  startup_stm32f407xx.o(.text)
    TAMP_STAMP_IRQHandler                    0x080003c7   Thumb Code     0  startup_stm32f407xx.o(.text)
    TIM1_BRK_TIM9_IRQHandler                 0x080003c7   Thumb Code     0  startup_stm32f407xx.o(.text)
    TIM1_CC_IRQHandler                       0x080003c7   Thumb Code     0  startup_stm32f407xx.o(.text)
    TIM1_TRG_COM_TIM11_IRQHandler            0x080003c7   Thumb Code     0  startup_stm32f407xx.o(.text)
    TIM1_UP_TIM10_IRQHandler                 0x080003c7   Thumb Code     0  startup_stm32f407xx.o(.text)
    TIM2_IRQHandler                          0x080003c7   Thumb Code     0  startup_stm32f407xx.o(.text)
    TIM3_IRQHandler                          0x080003c7   Thumb Code     0  startup_stm32f407xx.o(.text)
    TIM4_IRQHandler                          0x080003c7   Thumb Code     0  startup_stm32f407xx.o(.text)
    TIM5_IRQHandler                          0x080003c7   Thumb Code     0  startup_stm32f407xx.o(.text)
    TIM6_DAC_IRQHandler                      0x080003c7   Thumb Code     0  startup_stm32f407xx.o(.text)
    TIM7_IRQHandler                          0x080003c7   Thumb Code     0  startup_stm32f407xx.o(.text)
    TIM8_BRK_TIM12_IRQHandler                0x080003c7   Thumb Code     0  startup_stm32f407xx.o(.text)
    TIM8_CC_IRQHandler                       0x080003c7   Thumb Code     0  startup_stm32f407xx.o(.text)
    TIM8_TRG_COM_TIM14_IRQHandler            0x080003c7   Thumb Code     0  startup_stm32f407xx.o(.text)
    TIM8_UP_TIM13_IRQHandler                 0x080003c7   Thumb Code     0  startup_stm32f407xx.o(.text)
    UART4_IRQHandler                         0x080003c7   Thumb Code     0  startup_stm32f407xx.o(.text)
    UART5_IRQHandler                         0x080003c7   Thumb Code     0  startup_stm32f407xx.o(.text)
    USART2_IRQHandler                        0x080003c7   Thumb Code     0  startup_stm32f407xx.o(.text)
    USART3_IRQHandler                        0x080003c7   Thumb Code     0  startup_stm32f407xx.o(.text)
    USART6_IRQHandler                        0x080003c7   Thumb Code     0  startup_stm32f407xx.o(.text)
    WWDG_IRQHandler                          0x080003c7   Thumb Code     0  startup_stm32f407xx.o(.text)
    __user_initial_stackheap                 0x080003c9   Thumb Code     0  startup_stm32f407xx.o(.text)
    __semihosting$guard                      0x080003e9   Thumb Code     0  use_no_semi.o(.text)
    __use_no_semihosting_swi                 0x080003e9   Thumb Code     2  use_no_semi.o(.text)
    __aeabi_uldivmod                         0x080003eb   Thumb Code     0  lludivv7m.o(.text)
    _ll_udiv                                 0x080003eb   Thumb Code   238  lludivv7m.o(.text)
    memcmp                                   0x080004d9   Thumb Code    88  memcmp.o(.text)
    strcpy                                   0x08000531   Thumb Code    72  strcpy.o(.text)
    strlen                                   0x08000579   Thumb Code    62  strlen.o(.text)
    strncmp                                  0x080005b7   Thumb Code   150  strncmp.o(.text)
    strcat                                   0x0800064d   Thumb Code    24  strcat.o(.text)
    __aeabi_memclr4                          0x08000665   Thumb Code     0  rt_memclr_w.o(.text)
    __aeabi_memclr8                          0x08000665   Thumb Code     0  rt_memclr_w.o(.text)
    __rt_memclr_w                            0x08000665   Thumb Code    78  rt_memclr_w.o(.text)
    _memset_w                                0x08000669   Thumb Code     0  rt_memclr_w.o(.text)
    strncpy                                  0x080006b3   Thumb Code    86  strncpy.o(.text)
    __use_two_region_memory                  0x08000709   Thumb Code     2  heapauxi.o(.text)
    __rt_heap_escrow$2region                 0x0800070b   Thumb Code     2  heapauxi.o(.text)
    __rt_heap_expand$2region                 0x0800070d   Thumb Code     2  heapauxi.o(.text)
    __aeabi_memclr                           0x0800070f   Thumb Code     0  rt_memclr.o(.text)
    __rt_memclr                              0x0800070f   Thumb Code    68  rt_memclr.o(.text)
    _memset                                  0x08000713   Thumb Code     0  rt_memclr.o(.text)
    __user_setup_stackheap                   0x08000753   Thumb Code    74  sys_stackheap_outer.o(.text)
    exit                                     0x0800079d   Thumb Code    12  exit.o(.text)
    __user_libspace                          0x080007a9   Thumb Code     8  libspace.o(.text)
    __user_perproc_libspace                  0x080007a9   Thumb Code     0  libspace.o(.text)
    __user_perthread_libspace                0x080007a9   Thumb Code     0  libspace.o(.text)
    main                                     0x080007b1   Thumb Code    10  components.o(i.$Sub$$main)
    EXTI0_IRQHandler                         0x080008c7   Thumb Code    18  drv_gpio.o(i.EXTI0_IRQHandler)
    EXTI15_10_IRQHandler                     0x080008d9   Thumb Code    60  drv_gpio.o(i.EXTI15_10_IRQHandler)
    EXTI1_IRQHandler                         0x08000915   Thumb Code    18  drv_gpio.o(i.EXTI1_IRQHandler)
    EXTI2_IRQHandler                         0x08000927   Thumb Code    18  drv_gpio.o(i.EXTI2_IRQHandler)
    EXTI3_IRQHandler                         0x08000939   Thumb Code    18  drv_gpio.o(i.EXTI3_IRQHandler)
    EXTI4_IRQHandler                         0x0800094b   Thumb Code    18  drv_gpio.o(i.EXTI4_IRQHandler)
    EXTI9_5_IRQHandler                       0x0800095d   Thumb Code    46  drv_gpio.o(i.EXTI9_5_IRQHandler)
    HAL_DMA_Abort                            0x0800098b   Thumb Code   172  stm32f4xx_hal_dma.o(i.HAL_DMA_Abort)
    HAL_DMA_Abort_IT                         0x08000a37   Thumb Code    40  stm32f4xx_hal_dma.o(i.HAL_DMA_Abort_IT)
    HAL_DMA_DeInit                           0x08000a5f   Thumb Code   112  stm32f4xx_hal_dma.o(i.HAL_DMA_DeInit)
    HAL_DMA_Init                             0x08000ad1   Thumb Code   232  stm32f4xx_hal_dma.o(i.HAL_DMA_Init)
    HAL_DMA_Start_IT                         0x08000bbd   Thumb Code   146  stm32f4xx_hal_dma.o(i.HAL_DMA_Start_IT)
    HAL_GPIO_DeInit                          0x08000c51   Thumb Code   316  stm32f4xx_hal_gpio.o(i.HAL_GPIO_DeInit)
    HAL_GPIO_EXTI_Callback                   0x08000db5   Thumb Code    54  drv_gpio.o(i.HAL_GPIO_EXTI_Callback)
    HAL_GPIO_EXTI_IRQHandler                 0x08000df1   Thumb Code    24  stm32f4xx_hal_gpio.o(i.HAL_GPIO_EXTI_IRQHandler)
    HAL_GPIO_Init                            0x08000e0d   Thumb Code   452  stm32f4xx_hal_gpio.o(i.HAL_GPIO_Init)
    HAL_GPIO_ReadPin                         0x08000ffd   Thumb Code    16  stm32f4xx_hal_gpio.o(i.HAL_GPIO_ReadPin)
    HAL_GPIO_WritePin                        0x0800100d   Thumb Code    12  stm32f4xx_hal_gpio.o(i.HAL_GPIO_WritePin)
    HAL_GetTick                              0x08001019   Thumb Code    24  drv_common.o(i.HAL_GetTick)
    HAL_IncTick                              0x08001035   Thumb Code    16  drv_common.o(i.HAL_IncTick)
    HAL_Init                                 0x0800104d   Thumb Code    54  stm32f4xx_hal.o(i.HAL_Init)
    HAL_InitTick                             0x08001089   Thumb Code    12  drv_common.o(i.HAL_InitTick)
    HAL_MspInit                              0x08001095   Thumb Code    68  stm32f4xx_hal_msp.o(i.HAL_MspInit)
    HAL_NVIC_DisableIRQ                      0x080010dd   Thumb Code    62  stm32f4xx_hal_cortex.o(i.HAL_NVIC_DisableIRQ)
    HAL_NVIC_EnableIRQ                       0x08001121   Thumb Code    32  stm32f4xx_hal_cortex.o(i.HAL_NVIC_EnableIRQ)
    HAL_NVIC_SetPriority                     0x08001141   Thumb Code   124  stm32f4xx_hal_cortex.o(i.HAL_NVIC_SetPriority)
    HAL_NVIC_SetPriorityGrouping             0x080011bd   Thumb Code    32  stm32f4xx_hal_cortex.o(i.HAL_NVIC_SetPriorityGrouping)
    HAL_RCCEx_PeriphCLKConfig                0x080011e5   Thumb Code   396  stm32f4xx_hal_rcc_ex.o(i.HAL_RCCEx_PeriphCLKConfig)
    HAL_RCC_ClockConfig                      0x08001385   Thumb Code   368  stm32f4xx_hal_rcc.o(i.HAL_RCC_ClockConfig)
    HAL_RCC_GetHCLKFreq                      0x08001509   Thumb Code     6  stm32f4xx_hal_rcc.o(i.HAL_RCC_GetHCLKFreq)
    HAL_RCC_GetPCLK1Freq                     0x08001515   Thumb Code    22  stm32f4xx_hal_rcc.o(i.HAL_RCC_GetPCLK1Freq)
    HAL_RCC_GetPCLK2Freq                     0x08001535   Thumb Code    22  stm32f4xx_hal_rcc.o(i.HAL_RCC_GetPCLK2Freq)
    HAL_RCC_GetSysClockFreq                  0x08001555   Thumb Code   162  stm32f4xx_hal_rcc.o(i.HAL_RCC_GetSysClockFreq)
    HAL_RCC_OscConfig                        0x08001605   Thumb Code  1172  stm32f4xx_hal_rcc.o(i.HAL_RCC_OscConfig)
    HAL_SYSTICK_Config                       0x08001aa1   Thumb Code    52  stm32f4xx_hal_cortex.o(i.HAL_SYSTICK_Config)
    HAL_UARTEx_RxEventCallback               0x08001ad5   Thumb Code     2  stm32f4xx_hal_uart.o(i.HAL_UARTEx_RxEventCallback)
    HAL_UART_DeInit                          0x08001ad7   Thumb Code    60  stm32f4xx_hal_uart.o(i.HAL_UART_DeInit)
    HAL_UART_ErrorCallback                   0x08001b15   Thumb Code    22  drv_usart.o(i.HAL_UART_ErrorCallback)
    HAL_UART_IRQHandler                      0x08001b41   Thumb Code   732  stm32f4xx_hal_uart.o(i.HAL_UART_IRQHandler)
    HAL_UART_Init                            0x08001e21   Thumb Code   114  stm32f4xx_hal_uart.o(i.HAL_UART_Init)
    HAL_UART_MspDeInit                       0x08001e95   Thumb Code    78  stm32f4xx_hal_msp.o(i.HAL_UART_MspDeInit)
    HAL_UART_MspInit                         0x08001ef9   Thumb Code   252  stm32f4xx_hal_msp.o(i.HAL_UART_MspInit)
    HAL_UART_Receive_DMA                     0x08002009   Thumb Code    66  stm32f4xx_hal_uart.o(i.HAL_UART_Receive_DMA)
    HAL_UART_RxCpltCallback                  0x0800204d   Thumb Code    30  drv_usart.o(i.HAL_UART_RxCpltCallback)
    HAL_UART_RxHalfCpltCallback              0x08002081   Thumb Code    30  drv_usart.o(i.HAL_UART_RxHalfCpltCallback)
    HAL_UART_Transmit_DMA                    0x080020b5   Thumb Code   160  stm32f4xx_hal_uart.o(i.HAL_UART_Transmit_DMA)
    HAL_UART_TxCpltCallback                  0x08002161   Thumb Code    30  drv_usart.o(i.HAL_UART_TxCpltCallback)
    HAL_UART_TxHalfCpltCallback              0x08002195   Thumb Code     2  stm32f4xx_hal_uart.o(i.HAL_UART_TxHalfCpltCallback)
    SysTick_Handler                          0x08002197   Thumb Code    32  drv_common.o(i.SysTick_Handler)
    SystemClock_Config                       0x080021b9   Thumb Code   218  board.o(i.SystemClock_Config)
    SystemInit                               0x080022b1   Thumb Code    14  system_stm32f4xx.o(i.SystemInit)
    UART_Start_Receive_DMA                   0x08002835   Thumb Code   192  stm32f4xx_hal_uart.o(i.UART_Start_Receive_DMA)
    USART1_IRQHandler                        0x08002961   Thumb Code    18  drv_usart.o(i.USART1_IRQHandler)
    _Error_Handler                           0x08002979   Thumb Code    34  drv_common.o(i._Error_Handler)
    __rt_libc_exit                           0x08002a15   Thumb Code    50  stdlib.o(i.__rt_libc_exit)
    _sys_exit                                0x080032e1   Thumb Code    12  syscalls.o(i._sys_exit)
    cmd_free                                 0x08003641   Thumb Code    52  msh.o(i.cmd_free)
    cmd_ps                                   0x080036a5   Thumb Code    14  msh.o(i.cmd_ps)
    finsh_get_prompt                         0x0800373d   Thumb Code    68  shell.o(i.finsh_get_prompt)
    finsh_getchar                            0x08003799   Thumb Code   102  shell.o(i.finsh_getchar)
    finsh_set_device                         0x0800385d   Thumb Code   158  shell.o(i.finsh_set_device)
    finsh_set_prompt_mode                    0x0800393d   Thumb Code    42  shell.o(i.finsh_set_prompt_mode)
    finsh_system_function_init               0x08003985   Thumb Code    10  shell.o(i.finsh_system_function_init)
    finsh_system_init                        0x08003999   Thumb Code   100  shell.o(i.finsh_system_init)
    finsh_thread_entry                       0x08003a35   Thumb Code  1272  shell.o(i.finsh_thread_entry)
    list_device                              0x08003fb5   Thumb Code   172  cmd.o(i.list_device)
    list_event                               0x080040cd   Thumb Code   204  cmd.o(i.list_event)
    list_mailbox                             0x080042c5   Thumb Code   224  cmd.o(i.list_mailbox)
    list_mempool                             0x08004421   Thumb Code   232  cmd.o(i.list_mempool)
    list_msgqueue                            0x08004595   Thumb Code   216  cmd.o(i.list_msgqueue)
    list_mutex                               0x080046d9   Thumb Code   168  cmd.o(i.list_mutex)
    list_sem                                 0x080047e5   Thumb Code   216  cmd.o(i.list_sem)
    list_thread                              0x0800491d   Thumb Code   294  cmd.o(i.list_thread)
    list_timer                               0x08004b01   Thumb Code   212  cmd.o(i.list_timer)
    $Super$$main                             0x08004ca9   Thumb Code    40  main.o(i.main)
    main_thread_entry                        0x08004cd1   Thumb Code    14  components.o(i.main_thread_entry)
    msh_auto_complete                        0x08004dc9   Thumb Code   120  msh.o(i.msh_auto_complete)
    msh_exec                                 0x08004e4d   Thumb Code    84  msh.o(i.msh_exec)
    msh_help                                 0x08004ef9   Thumb Code    48  msh.o(i.msh_help)
    rt_application_init                      0x080052f5   Thumb Code    46  components.o(i.rt_application_init)
    rt_assert_handler                        0x08005345   Thumb Code    56  kservice.o(i.rt_assert_handler)
    rt_calloc                                0x080053b9   Thumb Code    34  kservice.o(i.rt_calloc)
    rt_completion_done                       0x080053dd   Thumb Code    76  completion.o(i.rt_completion_done)
    rt_completion_init                       0x08005445   Thumb Code    42  completion.o(i.rt_completion_init)
    rt_completion_wait                       0x0800548d   Thumb Code   286  completion.o(i.rt_completion_wait)
    rt_components_board_init                 0x08005689   Thumb Code    20  components.o(i.rt_components_board_init)
    rt_components_init                       0x080056a5   Thumb Code    20  components.o(i.rt_components_init)
    rt_console_get_device                    0x080056c1   Thumb Code     6  kservice.o(i.rt_console_get_device)
    rt_console_set_device                    0x080056cd   Thumb Code    56  kservice.o(i.rt_console_set_device)
    rt_critical_level                        0x08005709   Thumb Code     8  scheduler.o(i.rt_critical_level)
    rt_data_queue_deinit                     0x08005715   Thumb Code    70  dataqueue.o(i.rt_data_queue_deinit)
    rt_data_queue_init                       0x08005799   Thumb Code   124  dataqueue.o(i.rt_data_queue_init)
    rt_data_queue_len                        0x0800583d   Thumb Code   118  dataqueue.o(i.rt_data_queue_len)
    rt_data_queue_peek                       0x080058f1   Thumb Code   104  dataqueue.o(i.rt_data_queue_peek)
    rt_data_queue_pop                        0x08005995   Thumb Code   500  dataqueue.o(i.rt_data_queue_pop)
    rt_data_queue_push                       0x08005c79   Thumb Code   436  dataqueue.o(i.rt_data_queue_push)
    rt_data_queue_reset                      0x08005ef9   Thumb Code   188  dataqueue.o(i.rt_data_queue_reset)
    rt_device_close                          0x0800602d   Thumb Code    92  device.o(i.rt_device_close)
    rt_device_find                           0x080060d9   Thumb Code    14  device.o(i.rt_device_find)
    rt_device_open                           0x080060e9   Thumb Code   168  device.o(i.rt_device_open)
    rt_device_pin_register                   0x0800622d   Thumb Code    56  pin.o(i.rt_device_pin_register)
    rt_device_read                           0x08006275   Thumb Code    98  device.o(i.rt_device_read)
    rt_device_register                       0x08006329   Thumb Code    52  device.o(i.rt_device_register)
    rt_device_set_rx_indicate                0x0800635d   Thumb Code    48  device.o(i.rt_device_set_rx_indicate)
    rt_device_write                          0x080063dd   Thumb Code    98  device.o(i.rt_device_write)
    rt_enter_critical                        0x080065e1   Thumb Code    28  scheduler.o(i.rt_enter_critical)
    rt_exit_critical                         0x08006601   Thumb Code    60  scheduler.o(i.rt_exit_critical)
    rt_free                                  0x08006645   Thumb Code    42  kservice.o(i.rt_free)
    rt_hw_board_init                         0x08006675   Thumb Code    38  drv_common.o(i.rt_hw_board_init)
    rt_hw_console_output                     0x080066ad   Thumb Code     2  kservice.o(i.rt_hw_console_output)
    rt_hw_cpu_reset                          0x080066b1   Thumb Code     8  cpuport.o(i.rt_hw_cpu_reset)
    rt_hw_hard_fault_exception               0x080066c1   Thumb Code   220  cpuport.o(i.rt_hw_hard_fault_exception)
    rt_hw_pin_init                           0x080068ed   Thumb Code   286  drv_gpio.o(i.rt_hw_pin_init)
    rt_hw_serial_isr                         0x08006a19   Thumb Code   394  serial.o(i.rt_hw_serial_isr)
    rt_hw_serial_register                    0x08006bf9   Thumb Code    80  serial.o(i.rt_hw_serial_register)
    rt_hw_stack_init                         0x08006c79   Thumb Code    74  cpuport.o(i.rt_hw_stack_init)
    rt_hw_systick_init                       0x08006cc9   Thumb Code    74  drv_common.o(i.rt_hw_systick_init)
    rt_hw_usart_init                         0x08006d25   Thumb Code   164  drv_usart.o(i.rt_hw_usart_init)
    rt_interrupt_enter                       0x08006df1   Thumb Code    46  irq.o(i.rt_interrupt_enter)
    rt_interrupt_get_nest                    0x08006e29   Thumb Code    22  irq.o(i.rt_interrupt_get_nest)
    rt_interrupt_leave                       0x08006e45   Thumb Code    46  irq.o(i.rt_interrupt_leave)
    rt_kprintf                               0x08006e7d   Thumb Code    68  kservice.o(i.rt_kprintf)
    rt_malloc                                0x08006fad   Thumb Code    52  kservice.o(i.rt_malloc)
    rt_memcpy                                0x08006fe9   Thumb Code   124  kservice.o(i.rt_memcpy)
    rt_memmove                               0x08007065   Thumb Code    66  kservice.o(i.rt_memmove)
    rt_memory_info                           0x080070a9   Thumb Code    64  kservice.o(i.rt_memory_info)
    rt_memset                                0x080070ed   Thumb Code    72  kservice.o(i.rt_memset)
    rt_mutex_init                            0x08007135   Thumb Code    62  ipc.o(i.rt_mutex_init)
    rt_mutex_release                         0x0800718d   Thumb Code   346  ipc.o(i.rt_mutex_release)
    rt_mutex_take                            0x0800736d   Thumb Code   432  ipc.o(i.rt_mutex_take)
    rt_object_allocate                       0x080075d1   Thumb Code   158  object.o(i.rt_object_allocate)
    rt_object_delete                         0x080076bd   Thumb Code    88  object.o(i.rt_object_delete)
    rt_object_detach                         0x0800775d   Thumb Code    62  object.o(i.rt_object_detach)
    rt_object_find                           0x080077b9   Thumb Code   124  object.o(i.rt_object_find)
    rt_object_get_information                0x08007865   Thumb Code    36  object.o(i.rt_object_get_information)
    rt_object_get_type                       0x0800788d   Thumb Code    26  object.o(i.rt_object_get_type)
    rt_object_init                           0x080078c1   Thumb Code   140  object.o(i.rt_object_init)
    rt_object_is_systemobject                0x0800797d   Thumb Code    34  object.o(i.rt_object_is_systemobject)
    rt_pin_mode                              0x080079b9   Thumb Code    38  pin.o(i.rt_pin_mode)
    rt_pin_write                             0x08007a01   Thumb Code    38  pin.o(i.rt_pin_write)
    rt_schedule                              0x08007a49   Thumb Code   318  scheduler.o(i.rt_schedule)
    rt_schedule_insert_thread                0x08007ba5   Thumb Code   118  scheduler.o(i.rt_schedule_insert_thread)
    rt_schedule_remove_thread                0x08007c41   Thumb Code    94  scheduler.o(i.rt_schedule_remove_thread)
    rt_sem_init                              0x08007cc1   Thumb Code    88  ipc.o(i.rt_sem_init)
    rt_sem_release                           0x08007d7d   Thumb Code   140  ipc.o(i.rt_sem_release)
    rt_sem_take                              0x08007e25   Thumb Code   330  ipc.o(i.rt_sem_take)
    rt_set_errno                             0x0800863d   Thumb Code    36  kservice.o(i.rt_set_errno)
    rt_show_version                          0x08008665   Thumb Code    42  kservice.o(i.rt_show_version)
    rt_smem_alloc                            0x08008729   Thumb Code   450  mem.o(i.rt_smem_alloc)
    rt_smem_free                             0x080089a1   Thumb Code   206  mem.o(i.rt_smem_free)
    rt_smem_init                             0x08008b45   Thumb Code   176  mem.o(i.rt_smem_init)
    rt_sprintf                               0x08008c39   Thumb Code    34  kservice.o(i.rt_sprintf)
    rt_strlen                                0x08008c5b   Thumb Code    18  kservice.o(i.rt_strlen)
    rt_strncmp                               0x08008c6d   Thumb Code    40  kservice.o(i.rt_strncmp)
    rt_strncpy                               0x08008c95   Thumb Code    52  kservice.o(i.rt_strncpy)
    rt_system_heap_init                      0x08008cc9   Thumb Code    66  kservice.o(i.rt_system_heap_init)
    rt_system_scheduler_init                 0x08008d41   Thumb Code    42  scheduler.o(i.rt_system_scheduler_init)
    rt_system_scheduler_start                0x08008d79   Thumb Code    36  scheduler.o(i.rt_system_scheduler_start)
    rt_system_timer_init                     0x08008da1   Thumb Code    24  timer.o(i.rt_system_timer_init)
    rt_system_timer_thread_init              0x08008dbd   Thumb Code     2  timer.o(i.rt_system_timer_thread_init)
    rt_thread_control                        0x08008dc1   Thumb Code   182  thread.o(i.rt_thread_control)
    rt_thread_create                         0x08008e95   Thumb Code    80  thread.o(i.rt_thread_create)
    rt_thread_defunct_dequeue                0x08008ee5   Thumb Code    56  idle.o(i.rt_thread_defunct_dequeue)
    rt_thread_defunct_enqueue                0x08008f21   Thumb Code    24  idle.o(i.rt_thread_defunct_enqueue)
    rt_thread_delete                         0x08008f3d   Thumb Code   128  thread.o(i.rt_thread_delete)
    rt_thread_detach                         0x08009015   Thumb Code   128  thread.o(i.rt_thread_detach)
    rt_thread_idle_init                      0x08009105   Thumb Code    74  idle.o(i.rt_thread_idle_init)
    rt_thread_init                           0x08009165   Thumb Code    78  thread.o(i.rt_thread_init)
    rt_thread_mdelay                         0x080091e5   Thumb Code    20  thread.o(i.rt_thread_mdelay)
    rt_thread_resume                         0x080091f9   Thumb Code   122  thread.o(i.rt_thread_resume)
    rt_thread_self                           0x08009295   Thumb Code     6  thread.o(i.rt_thread_self)
    rt_thread_sleep                          0x080092a1   Thumb Code   104  thread.o(i.rt_thread_sleep)
    rt_thread_startup                        0x08009325   Thumb Code   102  thread.o(i.rt_thread_startup)
    rt_thread_suspend                        0x080093e1   Thumb Code   154  thread.o(i.rt_thread_suspend)
    rt_tick_from_millisecond                 0x080094b9   Thumb Code    56  clock.o(i.rt_tick_from_millisecond)
    rt_tick_get                              0x080094f1   Thumb Code     6  clock.o(i.rt_tick_get)
    rt_tick_increase                         0x080094fd   Thumb Code    90  clock.o(i.rt_tick_increase)
    rt_timer_check                           0x08009561   Thumb Code   208  timer.o(i.rt_timer_check)
    rt_timer_control                         0x0800963d   Thumb Code   162  timer.o(i.rt_timer_control)
    rt_timer_detach                          0x0800975d   Thumb Code    96  timer.o(i.rt_timer_detach)
    rt_timer_init                            0x0800983d   Thumb Code    94  timer.o(i.rt_timer_init)
    rt_timer_start                           0x080098e1   Thumb Code   294  timer.o(i.rt_timer_start)
    rt_timer_stop                            0x08009a69   Thumb Code   102  timer.o(i.rt_timer_stop)
    rt_vsnprintf                             0x08009b29   Thumb Code   824  kservice.o(i.rt_vsnprintf)
    rt_vsprintf                              0x08009e69   Thumb Code    22  kservice.o(i.rt_vsprintf)
    rtthread_startup                         0x08009e8f   Thumb Code    42  components.o(i.rtthread_startup)
    stm32_uart_get_mask                      0x0800aa61   Thumb Code    32  drv_usart.o(i.stm32_uart_get_mask)
    version                                  0x0800ad45   Thumb Code    10  cmd.o(i.version)
    _fp_init                                 0x0800ad4f   Thumb Code    10  fpinit.o(x$fpl$fpinit)
    __fplib_config_fpu_vfp                   0x0800ad57   Thumb Code     0  fpinit.o(x$fpl$fpinit)
    __fplib_config_pureend_doubles           0x0800ad57   Thumb Code     0  fpinit.o(x$fpl$fpinit)
    AHBPrescTable                            0x0800ae54   Data          16  system_stm32f4xx.o(.constdata)
    APBPrescTable                            0x0800ae64   Data           8  system_stm32f4xx.o(.constdata)
    __fsym_help_name                         0x0800bc3f   Data           5  msh.o(.rodata.name)
    __fsym_help_desc                         0x0800bc44   Data          24  msh.o(.rodata.name)
    __fsym_ps_name                           0x0800bc5c   Data           3  msh.o(.rodata.name)
    __fsym_ps_desc                           0x0800bc5f   Data          28  msh.o(.rodata.name)
    __fsym_free_name                         0x0800bc7b   Data           5  msh.o(.rodata.name)
    __fsym_free_desc                         0x0800bc80   Data          37  msh.o(.rodata.name)
    __fsym_clear_name                        0x0800bca5   Data           6  cmd.o(.rodata.name)
    __fsym_clear_desc                        0x0800bcab   Data          26  cmd.o(.rodata.name)
    __fsym_version_name                      0x0800bcc5   Data           8  cmd.o(.rodata.name)
    __fsym_version_desc                      0x0800bccd   Data          37  cmd.o(.rodata.name)
    __fsym_list_thread_name                  0x0800bcf2   Data          12  cmd.o(.rodata.name)
    __fsym_list_thread_desc                  0x0800bcfe   Data          12  cmd.o(.rodata.name)
    __fsym_list_sem_name                     0x0800bd0a   Data           9  cmd.o(.rodata.name)
    __fsym_list_sem_desc                     0x0800bd13   Data          25  cmd.o(.rodata.name)
    __fsym_list_event_name                   0x0800bd2c   Data          11  cmd.o(.rodata.name)
    __fsym_list_event_desc                   0x0800bd37   Data          21  cmd.o(.rodata.name)
    __fsym_list_mutex_name                   0x0800bd4c   Data          11  cmd.o(.rodata.name)
    __fsym_list_mutex_desc                   0x0800bd57   Data          21  cmd.o(.rodata.name)
    __fsym_list_mailbox_name                 0x0800bd6c   Data          13  cmd.o(.rodata.name)
    __fsym_list_mailbox_desc                 0x0800bd79   Data          24  cmd.o(.rodata.name)
    __fsym_list_msgqueue_name                0x0800bd91   Data          14  cmd.o(.rodata.name)
    __fsym_list_msgqueue_desc                0x0800bd9f   Data          29  cmd.o(.rodata.name)
    __fsym_list_mempool_name                 0x0800bdbc   Data          13  cmd.o(.rodata.name)
    __fsym_list_mempool_desc                 0x0800bdc9   Data          27  cmd.o(.rodata.name)
    __fsym_list_timer_name                   0x0800bde4   Data          11  cmd.o(.rodata.name)
    __fsym_list_timer_desc                   0x0800bdef   Data          21  cmd.o(.rodata.name)
    __fsym_list_device_name                  0x0800be04   Data          12  cmd.o(.rodata.name)
    __fsym_list_device_desc                  0x0800be10   Data          22  cmd.o(.rodata.name)
    __fsym_reboot_name                       0x0800be26   Data           7  drv_common.o(.rodata.name)
    __fsym_reboot_desc                       0x0800be2d   Data          14  drv_common.o(.rodata.name)
    __rt_init_rti_start                      0x0800be3c   Data           4  components.o(.rti_fn.0)
    __rt_init_rti_board_start                0x0800be40   Data           4  components.o(.rti_fn.0.end)
    __rt_init_rti_board_end                  0x0800be44   Data           4  components.o(.rti_fn.1.end)
    __rt_init_finsh_system_init              0x0800be48   Data           4  shell.o(.rti_fn.6)
    __rt_init_rti_end                        0x0800be4c   Data           4  components.o(.rti_fn.6.end)
    FSymTab$$Base                            0x0800be50   Number         0  msh.o(FSymTab)
    __fsym_help                              0x0800be50   Data          12  msh.o(FSymTab)
    __fsym_ps                                0x0800be5c   Data          12  msh.o(FSymTab)
    __fsym_free                              0x0800be68   Data          12  msh.o(FSymTab)
    __fsym_clear                             0x0800be74   Data          12  cmd.o(FSymTab)
    __fsym_version                           0x0800be80   Data          12  cmd.o(FSymTab)
    __fsym_list_thread                       0x0800be8c   Data          12  cmd.o(FSymTab)
    __fsym_list_sem                          0x0800be98   Data          12  cmd.o(FSymTab)
    __fsym_list_event                        0x0800bea4   Data          12  cmd.o(FSymTab)
    __fsym_list_mutex                        0x0800beb0   Data          12  cmd.o(FSymTab)
    __fsym_list_mailbox                      0x0800bebc   Data          12  cmd.o(FSymTab)
    __fsym_list_msgqueue                     0x0800bec8   Data          12  cmd.o(FSymTab)
    __fsym_list_mempool                      0x0800bed4   Data          12  cmd.o(FSymTab)
    __fsym_list_timer                        0x0800bee0   Data          12  cmd.o(FSymTab)
    __fsym_list_device                       0x0800beec   Data          12  cmd.o(FSymTab)
    __fsym_reboot                            0x0800bef8   Data          12  drv_common.o(FSymTab)
    FSymTab$$Limit                           0x0800bf04   Number         0  drv_common.o(FSymTab)
    Region$$Table$$Base                      0x0800bf04   Number         0  anon$$obj.o(Region$$Table)
    Region$$Table$$Limit                     0x0800bf24   Number         0  anon$$obj.o(Region$$Table)
    _syscall_table_begin                     0x20000000   Data           4  shell.o(.data)
    _syscall_table_end                       0x20000004   Data           4  shell.o(.data)
    shell                                    0x20000008   Data           4  shell.o(.data)
    rt_interrupt_from_thread                 0x20000010   Data           4  cpuport.o(.data)
    rt_interrupt_to_thread                   0x20000014   Data           4  cpuport.o(.data)
    rt_thread_switch_interrupt_flag          0x20000018   Data           4  cpuport.o(.data)
    SystemCoreClock                          0x20000020   Data           4  system_stm32f4xx.o(.data)
    uwTick                                   0x20000024   Data           4  stm32f4xx_hal.o(.data)
    uwTickPrio                               0x20000028   Data           4  stm32f4xx_hal.o(.data)
    uwTickFreq                               0x2000002c   Data           1  stm32f4xx_hal.o(.data)
    rt_interrupt_nest                        0x20000124   Data           1  irq.o(.data)
    rt_assert_hook                           0x2000013c   Data           4  kservice.o(.data)
    rt_object_trytake_hook                   0x200001e8   Data           4  object.o(.data)
    rt_object_take_hook                      0x200001ec   Data           4  object.o(.data)
    rt_object_put_hook                       0x200001f0   Data           4  object.o(.data)
    rt_thread_ready_priority_group           0x200001f4   Data           4  scheduler.o(.data)
    rt_current_thread                        0x200001fc   Data           4  scheduler.o(.data)
    rt_current_priority                      0x20000200   Data           1  scheduler.o(.data)
    rt_thread_priority_table                 0x2000094c   Data         256  scheduler.o(.bss)
    __libspace_start                         0x20000a90   Data          96  libspace.o(.bss)
    __temporary_stack_top$libspace           0x20000af0   Data           0  libspace.o(.bss)
    Image$$RW_IRAM1$$ZI$$Limit               0x20000ef0   Number         0  anon$$obj.o ABSOLUTE



==============================================================================

Memory Map of the image

  Image Entry point : 0x08000189

  Load Region LR_IROM1 (Base: 0x08000000, Size: 0x0000c154, Max: 0x00100000, ABSOLUTE, COMPRESSED[0x0000bfa4])

    Execution Region ER_IROM1 (Base: 0x08000000, Size: 0x0000bf24, Max: 0x00100000, ABSOLUTE)

    Base Addr    Size         Type   Attr      Idx    E Section Name        Object

    0x08000000   0x00000188   Data   RO          961    RESET               startup_stm32f407xx.o
    0x08000188   0x00000008   Code   RO         4757  * !!!main             c_w.l(__main.o)
    0x08000190   0x00000034   Code   RO         4918    !!!scatter          c_w.l(__scatter.o)
    0x080001c4   0x0000005a   Code   RO         4916    !!dczerorl2         c_w.l(__dczerorl2.o)
    0x0800021e   0x00000002   PAD
    0x08000220   0x0000001c   Code   RO         4920    !!handler_zi        c_w.l(__scatter_zi.o)
    0x0800023c   0x00000002   Code   RO         4796    .ARM.Collect$$libinit$$00000000  c_w.l(libinit.o)
    0x0800023e   0x00000004   Code   RO         4808    .ARM.Collect$$libinit$$00000001  c_w.l(libinit2.o)
    0x08000242   0x00000000   Code   RO         4811    .ARM.Collect$$libinit$$00000004  c_w.l(libinit2.o)
    0x08000242   0x00000000   Code   RO         4814    .ARM.Collect$$libinit$$0000000A  c_w.l(libinit2.o)
    0x08000242   0x00000000   Code   RO         4816    .ARM.Collect$$libinit$$0000000C  c_w.l(libinit2.o)
    0x08000242   0x00000000   Code   RO         4818    .ARM.Collect$$libinit$$0000000E  c_w.l(libinit2.o)
    0x08000242   0x00000000   Code   RO         4821    .ARM.Collect$$libinit$$00000011  c_w.l(libinit2.o)
    0x08000242   0x00000000   Code   RO         4823    .ARM.Collect$$libinit$$00000013  c_w.l(libinit2.o)
    0x08000242   0x00000000   Code   RO         4825    .ARM.Collect$$libinit$$00000015  c_w.l(libinit2.o)
    0x08000242   0x00000000   Code   RO         4827    .ARM.Collect$$libinit$$00000017  c_w.l(libinit2.o)
    0x08000242   0x00000000   Code   RO         4829    .ARM.Collect$$libinit$$00000019  c_w.l(libinit2.o)
    0x08000242   0x00000000   Code   RO         4831    .ARM.Collect$$libinit$$0000001B  c_w.l(libinit2.o)
    0x08000242   0x00000000   Code   RO         4833    .ARM.Collect$$libinit$$0000001D  c_w.l(libinit2.o)
    0x08000242   0x00000000   Code   RO         4835    .ARM.Collect$$libinit$$0000001F  c_w.l(libinit2.o)
    0x08000242   0x00000000   Code   RO         4837    .ARM.Collect$$libinit$$00000021  c_w.l(libinit2.o)
    0x08000242   0x00000000   Code   RO         4839    .ARM.Collect$$libinit$$00000023  c_w.l(libinit2.o)
    0x08000242   0x00000000   Code   RO         4841    .ARM.Collect$$libinit$$00000025  c_w.l(libinit2.o)
    0x08000242   0x00000000   Code   RO         4845    .ARM.Collect$$libinit$$0000002C  c_w.l(libinit2.o)
    0x08000242   0x00000000   Code   RO         4847    .ARM.Collect$$libinit$$0000002E  c_w.l(libinit2.o)
    0x08000242   0x00000000   Code   RO         4849    .ARM.Collect$$libinit$$00000030  c_w.l(libinit2.o)
    0x08000242   0x00000000   Code   RO         4851    .ARM.Collect$$libinit$$00000032  c_w.l(libinit2.o)
    0x08000242   0x00000002   Code   RO         4852    .ARM.Collect$$libinit$$00000033  c_w.l(libinit2.o)
    0x08000244   0x00000002   Code   RO         4876    .ARM.Collect$$libshutdown$$00000000  c_w.l(libshutdown.o)
    0x08000246   0x00000000   Code   RO         4901    .ARM.Collect$$libshutdown$$00000003  c_w.l(libshutdown2.o)
    0x08000246   0x00000000   Code   RO         4904    .ARM.Collect$$libshutdown$$00000006  c_w.l(libshutdown2.o)
    0x08000246   0x00000000   Code   RO         4907    .ARM.Collect$$libshutdown$$00000009  c_w.l(libshutdown2.o)
    0x08000246   0x00000000   Code   RO         4909    .ARM.Collect$$libshutdown$$0000000B  c_w.l(libshutdown2.o)
    0x08000246   0x00000000   Code   RO         4912    .ARM.Collect$$libshutdown$$0000000E  c_w.l(libshutdown2.o)
    0x08000246   0x00000002   Code   RO         4913    .ARM.Collect$$libshutdown$$0000000F  c_w.l(libshutdown2.o)
    0x08000248   0x00000000   Code   RO         4759    .ARM.Collect$$rtentry$$00000000  c_w.l(__rtentry.o)
    0x08000248   0x00000000   Code   RO         4767    .ARM.Collect$$rtentry$$00000002  c_w.l(__rtentry2.o)
    0x08000248   0x00000006   Code   RO         4779    .ARM.Collect$$rtentry$$00000004  c_w.l(__rtentry4.o)
    0x0800024e   0x00000000   Code   RO         4769    .ARM.Collect$$rtentry$$00000009  c_w.l(__rtentry2.o)
    0x0800024e   0x00000004   Code   RO         4770    .ARM.Collect$$rtentry$$0000000A  c_w.l(__rtentry2.o)
    0x08000252   0x00000000   Code   RO         4772    .ARM.Collect$$rtentry$$0000000C  c_w.l(__rtentry2.o)
    0x08000252   0x00000008   Code   RO         4773    .ARM.Collect$$rtentry$$0000000D  c_w.l(__rtentry2.o)
    0x0800025a   0x00000002   Code   RO         4800    .ARM.Collect$$rtexit$$00000000  c_w.l(rtexit.o)
    0x0800025c   0x00000000   Code   RO         4854    .ARM.Collect$$rtexit$$00000002  c_w.l(rtexit2.o)
    0x0800025c   0x00000004   Code   RO         4855    .ARM.Collect$$rtexit$$00000003  c_w.l(rtexit2.o)
    0x08000260   0x00000006   Code   RO         4856    .ARM.Collect$$rtexit$$00000004  c_w.l(rtexit2.o)
    0x08000266   0x00000002   PAD
    0x08000268   0x00000010   Code   RO          873    .emb_text           cpuport.o
    0x08000278   0x00000134   Code   RO          869    .text               context_rvds.o
    0x080003ac   0x0000003c   Code   RO          962    .text               startup_stm32f407xx.o
    0x080003e8   0x00000002   Code   RO         4733    .text               c_w.l(use_no_semi.o)
    0x080003ea   0x000000ee   Code   RO         4737    .text               c_w.l(lludivv7m.o)
    0x080004d8   0x00000058   Code   RO         4739    .text               c_w.l(memcmp.o)
    0x08000530   0x00000048   Code   RO         4741    .text               c_w.l(strcpy.o)
    0x08000578   0x0000003e   Code   RO         4743    .text               c_w.l(strlen.o)
    0x080005b6   0x00000096   Code   RO         4745    .text               c_w.l(strncmp.o)
    0x0800064c   0x00000018   Code   RO         4747    .text               c_w.l(strcat.o)
    0x08000664   0x0000004e   Code   RO         4749    .text               c_w.l(rt_memclr_w.o)
    0x080006b2   0x00000056   Code   RO         4751    .text               c_w.l(strncpy.o)
    0x08000708   0x00000006   Code   RO         4755    .text               c_w.l(heapauxi.o)
    0x0800070e   0x00000044   Code   RO         4764    .text               c_w.l(rt_memclr.o)
    0x08000752   0x0000004a   Code   RO         4783    .text               c_w.l(sys_stackheap_outer.o)
    0x0800079c   0x0000000c   Code   RO         4785    .text               c_w.l(exit.o)
    0x080007a8   0x00000008   Code   RO         4797    .text               c_w.l(libspace.o)
    0x080007b0   0x0000000a   Code   RO         2634    i.$Sub$$main        components.o
    0x080007ba   0x00000002   PAD
    0x080007bc   0x00000034   Code   RO         1715    i.DMA_CalcBaseAndBitshift  stm32f4xx_hal_dma.o
    0x080007f0   0x000000aa   Code   RO         1716    i.DMA_CheckFifoParam  stm32f4xx_hal_dma.o
    0x0800089a   0x0000002c   Code   RO         1717    i.DMA_SetConfig     stm32f4xx_hal_dma.o
    0x080008c6   0x00000012   Code   RO         2320    i.EXTI0_IRQHandler  drv_gpio.o
    0x080008d8   0x0000003c   Code   RO         2321    i.EXTI15_10_IRQHandler  drv_gpio.o
    0x08000914   0x00000012   Code   RO         2322    i.EXTI1_IRQHandler  drv_gpio.o
    0x08000926   0x00000012   Code   RO         2323    i.EXTI2_IRQHandler  drv_gpio.o
    0x08000938   0x00000012   Code   RO         2324    i.EXTI3_IRQHandler  drv_gpio.o
    0x0800094a   0x00000012   Code   RO         2325    i.EXTI4_IRQHandler  drv_gpio.o
    0x0800095c   0x0000002e   Code   RO         2326    i.EXTI9_5_IRQHandler  drv_gpio.o
    0x0800098a   0x000000ac   Code   RO         1718    i.HAL_DMA_Abort     stm32f4xx_hal_dma.o
    0x08000a36   0x00000028   Code   RO         1719    i.HAL_DMA_Abort_IT  stm32f4xx_hal_dma.o
    0x08000a5e   0x00000070   Code   RO         1720    i.HAL_DMA_DeInit    stm32f4xx_hal_dma.o
    0x08000ace   0x00000002   PAD
    0x08000ad0   0x000000ec   Code   RO         1724    i.HAL_DMA_Init      stm32f4xx_hal_dma.o
    0x08000bbc   0x00000092   Code   RO         1728    i.HAL_DMA_Start_IT  stm32f4xx_hal_dma.o
    0x08000c4e   0x00000002   PAD
    0x08000c50   0x00000164   Code   RO         1821    i.HAL_GPIO_DeInit   stm32f4xx_hal_gpio.o
    0x08000db4   0x0000003c   Code   RO         2327    i.HAL_GPIO_EXTI_Callback  drv_gpio.o
    0x08000df0   0x0000001c   Code   RO         1823    i.HAL_GPIO_EXTI_IRQHandler  stm32f4xx_hal_gpio.o
    0x08000e0c   0x000001f0   Code   RO         1824    i.HAL_GPIO_Init     stm32f4xx_hal_gpio.o
    0x08000ffc   0x00000010   Code   RO         1826    i.HAL_GPIO_ReadPin  stm32f4xx_hal_gpio.o
    0x0800100c   0x0000000c   Code   RO         1828    i.HAL_GPIO_WritePin  stm32f4xx_hal_gpio.o
    0x08001018   0x0000001c   Code   RO         2217    i.HAL_GetTick       drv_common.o
    0x08001034   0x00000018   Code   RO         2218    i.HAL_IncTick       drv_common.o
    0x0800104c   0x0000003c   Code   RO         1026    i.HAL_Init          stm32f4xx_hal.o
    0x08001088   0x0000000c   Code   RO         2219    i.HAL_InitTick      drv_common.o
    0x08001094   0x00000048   Code   RO         2033    i.HAL_MspInit       stm32f4xx_hal_msp.o
    0x080010dc   0x00000044   Code   RO         1891    i.HAL_NVIC_DisableIRQ  stm32f4xx_hal_cortex.o
    0x08001120   0x00000020   Code   RO         1892    i.HAL_NVIC_EnableIRQ  stm32f4xx_hal_cortex.o
    0x08001140   0x0000007c   Code   RO         1898    i.HAL_NVIC_SetPriority  stm32f4xx_hal_cortex.o
    0x080011bc   0x00000028   Code   RO         1899    i.HAL_NVIC_SetPriorityGrouping  stm32f4xx_hal_cortex.o
    0x080011e4   0x000001a0   Code   RO         1196    i.HAL_RCCEx_PeriphCLKConfig  stm32f4xx_hal_rcc_ex.o
    0x08001384   0x00000184   Code   RO         1247    i.HAL_RCC_ClockConfig  stm32f4xx_hal_rcc.o
    0x08001508   0x0000000c   Code   RO         1252    i.HAL_RCC_GetHCLKFreq  stm32f4xx_hal_rcc.o
    0x08001514   0x00000020   Code   RO         1254    i.HAL_RCC_GetPCLK1Freq  stm32f4xx_hal_rcc.o
    0x08001534   0x00000020   Code   RO         1255    i.HAL_RCC_GetPCLK2Freq  stm32f4xx_hal_rcc.o
    0x08001554   0x000000b0   Code   RO         1256    i.HAL_RCC_GetSysClockFreq  stm32f4xx_hal_rcc.o
    0x08001604   0x0000049c   Code   RO         1259    i.HAL_RCC_OscConfig  stm32f4xx_hal_rcc.o
    0x08001aa0   0x00000034   Code   RO         1903    i.HAL_SYSTICK_Config  stm32f4xx_hal_cortex.o
    0x08001ad4   0x00000002   Code   RO         1359    i.HAL_UARTEx_RxEventCallback  stm32f4xx_hal_uart.o
    0x08001ad6   0x0000003c   Code   RO         1372    i.HAL_UART_DeInit   stm32f4xx_hal_uart.o
    0x08001b12   0x00000002   PAD
    0x08001b14   0x0000002c   Code   RO         2435    i.HAL_UART_ErrorCallback  drv_usart.o
    0x08001b40   0x000002e0   Code   RO         1376    i.HAL_UART_IRQHandler  stm32f4xx_hal_uart.o
    0x08001e20   0x00000072   Code   RO         1377    i.HAL_UART_Init     stm32f4xx_hal_uart.o
    0x08001e92   0x00000002   PAD
    0x08001e94   0x00000064   Code   RO         2049    i.HAL_UART_MspDeInit  stm32f4xx_hal_msp.o
    0x08001ef8   0x00000110   Code   RO         2050    i.HAL_UART_MspInit  stm32f4xx_hal_msp.o
    0x08002008   0x00000042   Code   RO         1381    i.HAL_UART_Receive_DMA  stm32f4xx_hal_uart.o
    0x0800204a   0x00000002   PAD
    0x0800204c   0x00000034   Code   RO         2436    i.HAL_UART_RxCpltCallback  drv_usart.o
    0x08002080   0x00000034   Code   RO         2437    i.HAL_UART_RxHalfCpltCallback  drv_usart.o
    0x080020b4   0x000000ac   Code   RO         1386    i.HAL_UART_Transmit_DMA  stm32f4xx_hal_uart.o
    0x08002160   0x00000034   Code   RO         2438    i.HAL_UART_TxCpltCallback  drv_usart.o
    0x08002194   0x00000002   Code   RO         1389    i.HAL_UART_TxHalfCpltCallback  stm32f4xx_hal_uart.o
    0x08002196   0x00000020   Code   RO         2222    i.SysTick_Handler   drv_common.o
    0x080021b6   0x00000002   PAD
    0x080021b8   0x000000f8   Code   RO         2192    i.SystemClock_Config  board.o
    0x080022b0   0x00000014   Code   RO          970    i.SystemInit        system_stm32f4xx.o
    0x080022c4   0x00000014   Code   RO         1390    i.UART_DMAAbortOnError  stm32f4xx_hal_uart.o
    0x080022d8   0x00000050   Code   RO         1391    i.UART_DMAError     stm32f4xx_hal_uart.o
    0x08002328   0x000000b0   Code   RO         1392    i.UART_DMAReceiveCplt  stm32f4xx_hal_uart.o
    0x080023d8   0x00000020   Code   RO         1394    i.UART_DMARxHalfCplt  stm32f4xx_hal_uart.o
    0x080023f8   0x00000058   Code   RO         1396    i.UART_DMATransmitCplt  stm32f4xx_hal_uart.o
    0x08002450   0x0000000e   Code   RO         1398    i.UART_DMATxHalfCplt  stm32f4xx_hal_uart.o
    0x0800245e   0x0000006c   Code   RO         1400    i.UART_EndRxTransfer  stm32f4xx_hal_uart.o
    0x080024ca   0x00000020   Code   RO         1401    i.UART_EndTransmit_IT  stm32f4xx_hal_uart.o
    0x080024ea   0x00000026   Code   RO         1402    i.UART_EndTxTransfer  stm32f4xx_hal_uart.o
    0x08002510   0x000000f8   Code   RO         1403    i.UART_Receive_IT   stm32f4xx_hal_uart.o
    0x08002608   0x0000022c   Code   RO         1404    i.UART_SetConfig    stm32f4xx_hal_uart.o
    0x08002834   0x000000cc   Code   RO         1405    i.UART_Start_Receive_DMA  stm32f4xx_hal_uart.o
    0x08002900   0x00000060   Code   RO         1407    i.UART_Transmit_IT  stm32f4xx_hal_uart.o
    0x08002960   0x00000018   Code   RO         2439    i.USART1_IRQHandler  drv_usart.o
    0x08002978   0x00000064   Code   RO         2223    i._Error_Handler    drv_common.o
    0x080029dc   0x00000010   Code   RO         1905    i.__NVIC_GetPriorityGrouping  stm32f4xx_hal_cortex.o
    0x080029ec   0x00000028   Code   RO         1906    i.__NVIC_SetPriority  stm32f4xx_hal_cortex.o
    0x08002a14   0x00000064   Code   RO          549    i.__rt_libc_exit    stdlib.o
    0x08002a78   0x00000050   Code   RO         2440    i._dma_tx_complete  drv_usart.o
    0x08002ac8   0x0000001c   Code   RO         3184    i._heap_lock        kservice.o
    0x08002ae4   0x00000038   Code   RO         3185    i._heap_unlock      kservice.o
    0x08002b1c   0x00000018   Code   RO         2852    i._ipc_list_resume  ipc.o
    0x08002b34   0x00000080   Code   RO         2854    i._ipc_list_suspend  ipc.o
    0x08002bb4   0x00000010   Code   RO         2855    i._ipc_object_init  ipc.o
    0x08002bc4   0x0000009c   Code   RO          686    i._msh_exec_cmd     msh.o
    0x08002c60   0x00000048   Code   RO         4149    i._pin_control      pin.o
    0x08002ca8   0x00000054   Code   RO         4150    i._pin_read         pin.o
    0x08002cfc   0x00000054   Code   RO         4151    i._pin_write        pin.o
    0x08002d50   0x000000c4   Code   RO         3678    i._rt_scheduler_stack_check  scheduler.o
    0x08002e14   0x00000028   Code   RO         3679    i._scheduler_get_highest_priority_thread  scheduler.o
    0x08002e3c   0x00000048   Code   RO         4043    i._serial_check_buffer_size  serial.o
    0x08002e84   0x00000194   Code   RO         4044    i._serial_dma_rx    serial.o
    0x08003018   0x0000005c   Code   RO         4045    i._serial_dma_tx    serial.o
    0x08003074   0x00000064   Code   RO         4046    i._serial_fifo_calc_recved_len  serial.o
    0x080030d8   0x000000b8   Code   RO         4047    i._serial_int_rx    serial.o
    0x08003190   0x00000098   Code   RO         4048    i._serial_int_tx    serial.o
    0x08003228   0x00000064   Code   RO         4049    i._serial_poll_rx   serial.o
    0x0800328c   0x00000054   Code   RO         4050    i._serial_poll_tx   serial.o
    0x080032e0   0x0000000c   Code   RO          246    i._sys_exit         syscalls.o
    0x080032ec   0x00000034   Code   RO         3775    i._thread_exit      thread.o
    0x08003320   0x000000d4   Code   RO         3776    i._thread_init      thread.o
    0x080033f4   0x000000bc   Code   RO         3777    i._thread_timeout   thread.o
    0x080034b0   0x00000042   Code   RO         3917    i._timer_init       timer.o
    0x080034f2   0x0000001c   Code   RO         3919    i._timer_remove     timer.o
    0x0800350e   0x00000020   Code   RO         2328    i.bit2bitno         drv_gpio.o
    0x0800352e   0x00000002   PAD
    0x08003530   0x000000fc   Code   RO          874    i.bus_fault_track   cpuport.o
    0x0800362c   0x00000014   Code   RO          747    i.clear             cmd.o
    0x08003640   0x00000064   Code   RO          687    i.cmd_free          msh.o
    0x080036a4   0x0000000e   Code   RO          688    i.cmd_ps            msh.o
    0x080036b2   0x00000002   PAD
    0x080036b4   0x00000088   Code   RO         2441    i.dma_isr           drv_usart.o
    0x0800373c   0x0000005c   Code   RO          569    i.finsh_get_prompt  shell.o
    0x08003798   0x00000084   Code   RO          571    i.finsh_getchar     shell.o
    0x0800381c   0x00000040   Code   RO          572    i.finsh_rx_ind      shell.o
    0x0800385c   0x000000e0   Code   RO          573    i.finsh_set_device  shell.o
    0x0800393c   0x00000048   Code   RO          576    i.finsh_set_prompt_mode  shell.o
    0x08003984   0x00000014   Code   RO          577    i.finsh_system_function_init  shell.o
    0x08003998   0x0000009c   Code   RO          578    i.finsh_system_init  shell.o
    0x08003a34   0x00000500   Code   RO          579    i.finsh_thread_entry  shell.o
    0x08003f34   0x00000080   Code   RO          875    i.hard_fault_track  cpuport.o
    0x08003fb4   0x00000118   Code   RO          748    i.list_device       cmd.o
    0x080040cc   0x00000144   Code   RO          749    i.list_event        cmd.o
    0x08004210   0x0000002a   Code   RO          750    i.list_find_init    cmd.o
    0x0800423a   0x00000088   Code   RO          751    i.list_get_next     cmd.o
    0x080042c2   0x00000002   PAD
    0x080042c4   0x0000015c   Code   RO          752    i.list_mailbox      cmd.o
    0x08004420   0x00000174   Code   RO          753    i.list_mempool      cmd.o
    0x08004594   0x00000144   Code   RO          754    i.list_msgqueue     cmd.o
    0x080046d8   0x0000010c   Code   RO          755    i.list_mutex        cmd.o
    0x080047e4   0x00000138   Code   RO          756    i.list_sem          cmd.o
    0x0800491c   0x000001e4   Code   RO          757    i.list_thread       cmd.o
    0x08004b00   0x000001a8   Code   RO          758    i.list_timer        cmd.o
    0x08004ca8   0x00000028   Code   RO            4    i.main              main.o
    0x08004cd0   0x0000000e   Code   RO         2635    i.main_thread_entry  components.o
    0x08004cde   0x00000002   PAD
    0x08004ce0   0x000000e8   Code   RO          876    i.mem_manage_fault_track  cpuport.o
    0x08004dc8   0x00000084   Code   RO          689    i.msh_auto_complete  msh.o
    0x08004e4c   0x0000006c   Code   RO          690    i.msh_exec          msh.o
    0x08004eb8   0x00000040   Code   RO          691    i.msh_get_cmd       msh.o
    0x08004ef8   0x00000064   Code   RO          692    i.msh_help          msh.o
    0x08004f5c   0x000000f0   Code   RO          693    i.msh_split         msh.o
    0x0800504c   0x0000001c   Code   RO          759    i.object_split      cmd.o
    0x08005068   0x000000e8   Code   RO         3446    i.plug_holes        mem.o
    0x08005150   0x00000198   Code   RO         3187    i.print_number      kservice.o
    0x080052e8   0x0000000c   Code   RO         2224    i.reboot            drv_common.o
    0x080052f4   0x00000050   Code   RO         2636    i.rt_application_init  components.o
    0x08005344   0x00000074   Code   RO         3188    i.rt_assert_handler  kservice.o
    0x080053b8   0x00000022   Code   RO         3190    i.rt_calloc         kservice.o
    0x080053da   0x00000002   PAD
    0x080053dc   0x00000068   Code   RO         4698    i.rt_completion_done  completion.o
    0x08005444   0x00000048   Code   RO         4699    i.rt_completion_init  completion.o
    0x0800548c   0x000001fc   Code   RO         4700    i.rt_completion_wait  completion.o
    0x08005688   0x0000001c   Code   RO         2637    i.rt_components_board_init  components.o
    0x080056a4   0x0000001c   Code   RO         2638    i.rt_components_init  components.o
    0x080056c0   0x0000000c   Code   RO         3191    i.rt_console_get_device  kservice.o
    0x080056cc   0x0000003c   Code   RO         3192    i.rt_console_set_device  kservice.o
    0x08005708   0x0000000c   Code   RO         3680    i.rt_critical_level  scheduler.o
    0x08005714   0x00000084   Code   RO         4628    i.rt_data_queue_deinit  dataqueue.o
    0x08005798   0x000000a4   Code   RO         4629    i.rt_data_queue_init  dataqueue.o
    0x0800583c   0x000000b4   Code   RO         4630    i.rt_data_queue_len  dataqueue.o
    0x080058f0   0x000000a4   Code   RO         4631    i.rt_data_queue_peek  dataqueue.o
    0x08005994   0x000002e4   Code   RO         4632    i.rt_data_queue_pop  dataqueue.o
    0x08005c78   0x00000280   Code   RO         4633    i.rt_data_queue_push  dataqueue.o
    0x08005ef8   0x000000f8   Code   RO         4634    i.rt_data_queue_reset  dataqueue.o
    0x08005ff0   0x0000003c   Code   RO         2794    i.rt_defunct_execute  idle.o
    0x0800602c   0x000000ac   Code   RO         2709    i.rt_device_close   device.o
    0x080060d8   0x0000000e   Code   RO         2713    i.rt_device_find    device.o
    0x080060e6   0x00000002   PAD
    0x080060e8   0x00000144   Code   RO         2715    i.rt_device_open    device.o
    0x0800622c   0x00000048   Code   RO         4152    i.rt_device_pin_register  pin.o
    0x08006274   0x000000b4   Code   RO         2716    i.rt_device_read    device.o
    0x08006328   0x00000034   Code   RO         2717    i.rt_device_register  device.o
    0x0800635c   0x00000080   Code   RO         2718    i.rt_device_set_rx_indicate  device.o
    0x080063dc   0x000000b4   Code   RO         2721    i.rt_device_write   device.o
    0x08006490   0x0000000c   Code   RO         4051    i.rt_dma_calc_recved_len  serial.o
    0x0800649c   0x0000009c   Code   RO         4052    i.rt_dma_recv_update_get_index  serial.o
    0x08006538   0x000000a8   Code   RO         4053    i.rt_dma_recv_update_put_index  serial.o
    0x080065e0   0x00000020   Code   RO         3681    i.rt_enter_critical  scheduler.o
    0x08006600   0x00000044   Code   RO         3682    i.rt_exit_critical  scheduler.o
    0x08006644   0x00000030   Code   RO         3193    i.rt_free           kservice.o
    0x08006674   0x00000038   Code   RO         2225    i.rt_hw_board_init  drv_common.o
    0x080066ac   0x00000002   Code   RO         3197    i.rt_hw_console_output  kservice.o
    0x080066ae   0x00000002   PAD
    0x080066b0   0x00000010   Code   RO          877    i.rt_hw_cpu_reset   cpuport.o
    0x080066c0   0x0000022c   Code   RO          880    i.rt_hw_hard_fault_exception  cpuport.o
    0x080068ec   0x0000012c   Code   RO         2329    i.rt_hw_pin_init    drv_gpio.o
    0x08006a18   0x000001e0   Code   RO         4054    i.rt_hw_serial_isr  serial.o
    0x08006bf8   0x00000080   Code   RO         4055    i.rt_hw_serial_register  serial.o
    0x08006c78   0x00000050   Code   RO          881    i.rt_hw_stack_init  cpuport.o
    0x08006cc8   0x0000005c   Code   RO         2226    i.rt_hw_systick_init  drv_common.o
    0x08006d24   0x000000cc   Code   RO         2442    i.rt_hw_usart_init  drv_usart.o
    0x08006df0   0x00000038   Code   RO         3145    i.rt_interrupt_enter  irq.o
    0x08006e28   0x0000001c   Code   RO         3147    i.rt_interrupt_get_nest  irq.o
    0x08006e44   0x00000038   Code   RO         3148    i.rt_interrupt_leave  irq.o
    0x08006e7c   0x0000004c   Code   RO         3198    i.rt_kprintf        kservice.o
    0x08006ec8   0x00000006   Code   RO         2863    i.rt_list_init      ipc.o
    0x08006ece   0x00000006   Code   RO         3920    i.rt_list_init      timer.o
    0x08006ed4   0x00000006   Code   RO         4635    i.rt_list_init      dataqueue.o
    0x08006eda   0x0000000e   Code   RO         3565    i.rt_list_insert_after  object.o
    0x08006ee8   0x0000000e   Code   RO         3921    i.rt_list_insert_after  timer.o
    0x08006ef6   0x0000000e   Code   RO         2864    i.rt_list_insert_before  ipc.o
    0x08006f04   0x0000000e   Code   RO         4636    i.rt_list_insert_before  dataqueue.o
    0x08006f12   0x00000010   Code   RO          760    i.rt_list_isempty   cmd.o
    0x08006f22   0x00000010   Code   RO         2865    i.rt_list_isempty   ipc.o
    0x08006f32   0x00000010   Code   RO         3922    i.rt_list_isempty   timer.o
    0x08006f42   0x00000010   Code   RO         4637    i.rt_list_isempty   dataqueue.o
    0x08006f52   0x00000010   Code   RO         4701    i.rt_list_isempty   completion.o
    0x08006f62   0x00000014   Code   RO          761    i.rt_list_len       cmd.o
    0x08006f76   0x00000012   Code   RO         3566    i.rt_list_remove    object.o
    0x08006f88   0x00000012   Code   RO         3778    i.rt_list_remove    thread.o
    0x08006f9a   0x00000012   Code   RO         3923    i.rt_list_remove    timer.o
    0x08006fac   0x0000003c   Code   RO         3200    i.rt_malloc         kservice.o
    0x08006fe8   0x0000007c   Code   RO         3204    i.rt_memcpy         kservice.o
    0x08007064   0x00000042   Code   RO         3205    i.rt_memmove        kservice.o
    0x080070a6   0x00000002   PAD
    0x080070a8   0x00000044   Code   RO         3206    i.rt_memory_info    kservice.o
    0x080070ec   0x00000048   Code   RO         3207    i.rt_memset         kservice.o
    0x08007134   0x00000058   Code   RO         2888    i.rt_mutex_init     ipc.o
    0x0800718c   0x000001e0   Code   RO         2889    i.rt_mutex_release  ipc.o
    0x0800736c   0x00000264   Code   RO         2890    i.rt_mutex_take     ipc.o
    0x080075d0   0x000000ec   Code   RO         3567    i.rt_object_allocate  object.o
    0x080076bc   0x000000a0   Code   RO         3569    i.rt_object_delete  object.o
    0x0800775c   0x0000005c   Code   RO         3570    i.rt_object_detach  object.o
    0x080077b8   0x000000ac   Code   RO         3572    i.rt_object_find    object.o
    0x08007864   0x00000028   Code   RO         3573    i.rt_object_get_information  object.o
    0x0800788c   0x00000034   Code   RO         3576    i.rt_object_get_type  object.o
    0x080078c0   0x000000bc   Code   RO         3577    i.rt_object_init    object.o
    0x0800797c   0x0000003c   Code   RO         3578    i.rt_object_is_systemobject  object.o
    0x080079b8   0x00000048   Code   RO         4157    i.rt_pin_mode       pin.o
    0x08007a00   0x00000048   Code   RO         4159    i.rt_pin_write      pin.o
    0x08007a48   0x0000015c   Code   RO         3683    i.rt_schedule       scheduler.o
    0x08007ba4   0x0000009c   Code   RO         3684    i.rt_schedule_insert_thread  scheduler.o
    0x08007c40   0x00000080   Code   RO         3685    i.rt_schedule_remove_thread  scheduler.o
    0x08007cc0   0x000000bc   Code   RO         2896    i.rt_sem_init       ipc.o
    0x08007d7c   0x000000a8   Code   RO         2897    i.rt_sem_release    ipc.o
    0x08007e24   0x000001fc   Code   RO         2898    i.rt_sem_take       ipc.o
    0x08008020   0x000001ac   Code   RO         4056    i.rt_serial_close   serial.o
    0x080081cc   0x000000a4   Code   RO         4057    i.rt_serial_control  serial.o
    0x08008270   0x00000048   Code   RO         4058    i.rt_serial_init    serial.o
    0x080082b8   0x000002ac   Code   RO         4059    i.rt_serial_open    serial.o
    0x08008564   0x0000006c   Code   RO         4060    i.rt_serial_read    serial.o
    0x080085d0   0x0000006c   Code   RO         4061    i.rt_serial_write   serial.o
    0x0800863c   0x00000028   Code   RO         3209    i.rt_set_errno      kservice.o
    0x08008664   0x000000c4   Code   RO         3210    i.rt_show_version   kservice.o
    0x08008728   0x00000278   Code   RO         3447    i.rt_smem_alloc     mem.o
    0x080089a0   0x000001a4   Code   RO         3449    i.rt_smem_free      mem.o
    0x08008b44   0x000000f4   Code   RO         3450    i.rt_smem_init      mem.o
    0x08008c38   0x00000022   Code   RO         3212    i.rt_sprintf        kservice.o
    0x08008c5a   0x00000012   Code   RO         3217    i.rt_strlen         kservice.o
    0x08008c6c   0x00000028   Code   RO         3218    i.rt_strncmp        kservice.o
    0x08008c94   0x00000034   Code   RO         3219    i.rt_strncpy        kservice.o
    0x08008cc8   0x00000078   Code   RO         3222    i.rt_system_heap_init  kservice.o
    0x08008d40   0x00000038   Code   RO         3688    i.rt_system_scheduler_init  scheduler.o
    0x08008d78   0x00000028   Code   RO         3689    i.rt_system_scheduler_start  scheduler.o
    0x08008da0   0x0000001c   Code   RO         3924    i.rt_system_timer_init  timer.o
    0x08008dbc   0x00000002   Code   RO         3925    i.rt_system_timer_thread_init  timer.o
    0x08008dbe   0x00000002   PAD
    0x08008dc0   0x000000d4   Code   RO         3779    i.rt_thread_control  thread.o
    0x08008e94   0x00000050   Code   RO         3780    i.rt_thread_create  thread.o
    0x08008ee4   0x0000003c   Code   RO         2795    i.rt_thread_defunct_dequeue  idle.o
    0x08008f20   0x0000001c   Code   RO         2796    i.rt_thread_defunct_enqueue  idle.o
    0x08008f3c   0x000000d8   Code   RO         3783    i.rt_thread_delete  thread.o
    0x08009014   0x000000cc   Code   RO         3784    i.rt_thread_detach  thread.o
    0x080090e0   0x00000024   Code   RO         2798    i.rt_thread_idle_entry  idle.o
    0x08009104   0x00000060   Code   RO         2800    i.rt_thread_idle_init  idle.o
    0x08009164   0x00000080   Code   RO         3786    i.rt_thread_init    thread.o
    0x080091e4   0x00000014   Code   RO         3788    i.rt_thread_mdelay  thread.o
    0x080091f8   0x0000009c   Code   RO         3789    i.rt_thread_resume  thread.o
    0x08009294   0x0000000c   Code   RO         3791    i.rt_thread_self    thread.o
    0x080092a0   0x00000084   Code   RO         3792    i.rt_thread_sleep   thread.o
    0x08009324   0x000000bc   Code   RO         3793    i.rt_thread_startup  thread.o
    0x080093e0   0x000000d8   Code   RO         3794    i.rt_thread_suspend  thread.o
    0x080094b8   0x00000038   Code   RO         2590    i.rt_tick_from_millisecond  clock.o
    0x080094f0   0x0000000c   Code   RO         2591    i.rt_tick_get       clock.o
    0x080094fc   0x00000064   Code   RO         2593    i.rt_tick_increase  clock.o
    0x08009560   0x000000dc   Code   RO         3926    i.rt_timer_check    timer.o
    0x0800963c   0x00000120   Code   RO         3927    i.rt_timer_control  timer.o
    0x0800975c   0x000000e0   Code   RO         3930    i.rt_timer_detach   timer.o
    0x0800983c   0x000000a4   Code   RO         3933    i.rt_timer_init     timer.o
    0x080098e0   0x00000188   Code   RO         3935    i.rt_timer_start    timer.o
    0x08009a68   0x000000c0   Code   RO         3936    i.rt_timer_stop     timer.o
    0x08009b28   0x00000340   Code   RO         3223    i.rt_vsnprintf      kservice.o
    0x08009e68   0x00000016   Code   RO         3224    i.rt_vsprintf       kservice.o
    0x08009e7e   0x00000004   Code   RO         2639    i.rti_board_end     components.o
    0x08009e82   0x00000004   Code   RO         2640    i.rti_board_start   components.o
    0x08009e86   0x00000004   Code   RO         2641    i.rti_end           components.o
    0x08009e8a   0x00000004   Code   RO         2642    i.rti_start         components.o
    0x08009e8e   0x0000002a   Code   RO         2643    i.rtthread_startup  components.o
    0x08009eb8   0x00000030   Code   RO          580    i.shell_auto_complete  shell.o
    0x08009ee8   0x00000030   Code   RO          581    i.shell_handle_history  shell.o
    0x08009f18   0x000000dc   Code   RO          582    i.shell_push_history  shell.o
    0x08009ff4   0x00000038   Code   RO          762    i.show_wait_queue   cmd.o
    0x0800a02c   0x00000026   Code   RO         3225    i.skip_atoi         kservice.o
    0x0800a052   0x00000002   PAD
    0x0800a054   0x00000130   Code   RO         2443    i.stm32_configure   drv_usart.o
    0x0800a184   0x00000148   Code   RO         2444    i.stm32_control     drv_usart.o
    0x0800a2cc   0x000001c8   Code   RO         2445    i.stm32_dma_config  drv_usart.o
    0x0800a494   0x00000078   Code   RO         2446    i.stm32_dma_transmit  drv_usart.o
    0x0800a50c   0x00000050   Code   RO         2447    i.stm32_getc        drv_usart.o
    0x0800a55c   0x000000dc   Code   RO         2330    i.stm32_pin_attach_irq  drv_gpio.o
    0x0800a638   0x00000090   Code   RO         2331    i.stm32_pin_dettach_irq  drv_gpio.o
    0x0800a6c8   0x00000076   Code   RO         2332    i.stm32_pin_get     drv_gpio.o
    0x0800a73e   0x00000002   PAD
    0x0800a740   0x000001c0   Code   RO         2333    i.stm32_pin_irq_enable  drv_gpio.o
    0x0800a900   0x00000088   Code   RO         2334    i.stm32_pin_mode    drv_gpio.o
    0x0800a988   0x0000003c   Code   RO         2335    i.stm32_pin_read    drv_gpio.o
    0x0800a9c4   0x0000003c   Code   RO         2336    i.stm32_pin_write   drv_gpio.o
    0x0800aa00   0x00000050   Code   RO         2448    i.stm32_putc        drv_usart.o
    0x0800aa50   0x00000010   Code   RO         2449    i.stm32_uart_get_dma_config  drv_usart.o
    0x0800aa60   0x00000020   Code   RO         2450    i.stm32_uart_get_mask  drv_usart.o
    0x0800aa80   0x00000020   Code   RO          694    i.str_common        msh.o
    0x0800aaa0   0x000001bc   Code   RO         2451    i.uart_isr          drv_usart.o
    0x0800ac5c   0x000000e8   Code   RO          882    i.usage_fault_track  cpuport.o
    0x0800ad44   0x0000000a   Code   RO          763    i.version           cmd.o
    0x0800ad4e   0x0000000a   Code   RO         4866    x$fpl$fpinit        fz_wm.l(fpinit.o)
    0x0800ad58   0x00000087   Data   RO          584    .constdata          shell.o
    0x0800addf   0x0000000e   Data   RO          695    .constdata          msh.o
    0x0800aded   0x00000003   PAD
    0x0800adf0   0x00000064   Data   RO          764    .constdata          cmd.o
    0x0800ae54   0x00000018   Data   RO          971    .constdata          system_stm32f4xx.o
    0x0800ae6c   0x00000008   Data   RO         1730    .constdata          stm32f4xx_hal_dma.o
    0x0800ae74   0x0000005c   Data   RO         2337    .constdata          drv_gpio.o
    0x0800aed0   0x0000010c   Data   RO         2453    .constdata          drv_usart.o
    0x0800afdc   0x00000014   Data   RO         2644    .constdata          components.o
    0x0800aff0   0x000000ba   Data   RO         2722    .constdata          device.o
    0x0800b0aa   0x0000021b   Data   RO         2900    .constdata          ipc.o
    0x0800b2c5   0x00000043   Data   RO         3227    .constdata          kservice.o
    0x0800b308   0x00000045   Data   RO         3452    .constdata          mem.o
    0x0800b34d   0x00000080   Data   RO         3582    .constdata          object.o
    0x0800b3cd   0x0000004e   Data   RO         3691    .constdata          scheduler.o
    0x0800b41b   0x000000bb   Data   RO         3797    .constdata          thread.o
    0x0800b4d6   0x0000006c   Data   RO         3937    .constdata          timer.o
    0x0800b542   0x0000012a   Data   RO         4062    .constdata          serial.o
    0x0800b66c   0x00000088   Data   RO         4161    .constdata          pin.o
    0x0800b6f4   0x00000086   Data   RO         4638    .constdata          dataqueue.o
    0x0800b77a   0x00000039   Data   RO         4702    .constdata          completion.o
    0x0800b7b3   0x00000001   PAD
    0x0800b7b4   0x000001a5   Data   RO          765    .conststring        cmd.o
    0x0800b959   0x00000003   PAD
    0x0800b95c   0x00000006   Data   RO         2454    .conststring        drv_usart.o
    0x0800b962   0x00000002   PAD
    0x0800b964   0x0000008b   Data   RO         2901    .conststring        ipc.o
    0x0800b9ef   0x00000001   PAD
    0x0800b9f0   0x000001a8   Data   RO         3453    .conststring        mem.o
    0x0800bb98   0x00000042   Data   RO         3798    .conststring        thread.o
    0x0800bbda   0x00000002   PAD
    0x0800bbdc   0x00000063   Data   RO         4063    .conststring        serial.o
    0x0800bc3f   0x00000066   Data   RO          696    .rodata.name        msh.o
    0x0800bca5   0x00000181   Data   RO          766    .rodata.name        cmd.o
    0x0800be26   0x00000015   Data   RO         2229    .rodata.name        drv_common.o
    0x0800be3b   0x00000001   PAD
    0x0800be3c   0x00000004   Data   RO         2645    .rti_fn.0           components.o
    0x0800be40   0x00000004   Data   RO         2646    .rti_fn.0.end       components.o
    0x0800be44   0x00000004   Data   RO         2647    .rti_fn.1.end       components.o
    0x0800be48   0x00000004   Data   RO          586    .rti_fn.6           shell.o
    0x0800be4c   0x00000004   Data   RO         2648    .rti_fn.6.end       components.o
    0x0800be50   0x00000024   Data   RO          697    FSymTab             msh.o
    0x0800be74   0x00000084   Data   RO          767    FSymTab             cmd.o
    0x0800bef8   0x0000000c   Data   RO         2230    FSymTab             drv_common.o
    0x0800bf04   0x00000020   Data   RO         4914    Region$$Table       anon$$obj.o


    Execution Region RW_IRAM1 (Base: 0x20000000, Size: 0x00000ef0, Max: 0x00020000, ABSOLUTE, COMPRESSED[0x00000080])

    Base Addr    Size         Type   Attr      Idx    E Section Name        Object

    0x20000000   0x00000010   Data   RW          585    .data               shell.o
    0x20000010   0x00000010   Data   RW          884    .data               cpuport.o
    0x20000020   0x00000004   Data   RW          972    .data               system_stm32f4xx.o
    0x20000024   0x00000009   Data   RW         1033    .data               stm32f4xx_hal.o
    0x2000002d   0x00000003   PAD
    0x20000030   0x00000004   Data   RW         2228    .data               drv_common.o
    0x20000034   0x000000c4   Data   RW         2338    .data               drv_gpio.o
    0x200000f8   0x00000014   Data   RW         2455    .data               drv_usart.o
    0x2000010c   0x00000008   Data   RW         2596    .data               clock.o
    0x20000114   0x00000008   Data   RW         2803    .data               idle.o
    0x2000011c   0x00000009   Data   RW         3150    .data               irq.o
    0x20000125   0x00000003   PAD
    0x20000128   0x00000018   Data   RW         3228    .data               kservice.o
    0x20000140   0x000000b4   Data   RW         3583    .data               object.o
    0x200001f4   0x00000018   Data   RW         3692    .data               scheduler.o
    0x2000020c   0x0000000c   Data   RW         3799    .data               thread.o
    0x20000218   0x00000014   Data   RW         3938    .data               timer.o
    0x2000022c   0x00000004   Data   RW         4064    .data               serial.o
    0x20000230   0x00000081   Zero   RW          583    .bss                shell.o
    0x200002b1   0x00000003   PAD
    0x200002b4   0x00000164   Zero   RW         2452    .bss                drv_usart.o
    0x20000418   0x00000490   Zero   RW         2802    .bss                idle.o
    0x200008a8   0x000000a4   Zero   RW         3226    .bss                kservice.o
    0x2000094c   0x00000100   Zero   RW         3690    .bss                scheduler.o
    0x20000a4c   0x00000044   Zero   RW         4160    .bss                pin.o
    0x20000a90   0x00000060   Zero   RW         4798    .bss                c_w.l(libspace.o)
    0x20000af0   0x00000000   Zero   RW          960    HEAP                startup_stm32f407xx.o
    0x20000af0   0x00000400   Zero   RW          959    STACK               startup_stm32f407xx.o


==============================================================================

Image component sizes


      Code (inc. data)   RO Data    RW Data    ZI Data      Debug   Object Name

       248         30          0          0          0       1041   board.o
       168         16          0          8          0       2100   clock.o
      3464       1226       1038          0          0      18649   cmd.o
       700        280         57          0          0       6023   completion.o
       218         50         36          0          0       5688   components.o
       308         28          0          0          0        776   context_rvds.o
      1512        746          0         16          0       6760   cpuport.o
      2304        728        134          0          0       9104   dataqueue.o
      1050        480        186          0          0       7496   device.o
       356        114         33          4          0      36303   drv_common.o
      1774         58         92        196          0      12233   drv_gpio.o
      2504        474        274         20        356      42599   drv_usart.o
       280         36          0          8       1168       6202   idle.o
      2248        654        678          0          0      33347   ipc.o
       140         26          0          9          0       2274   irq.o
      2622        352         67         24        164      19280   kservice.o
        40          0          0          0          0     806117   main.o
      1528        554        493          0          0       6165   mem.o
       946        200        152          0          0       7656   msh.o
      1032        332        128        180          0      10706   object.o
       456        148        136          0         68       7661   pin.o
      1076        256         78         24        256      10064   scheduler.o
      3696        794        397          4          0      16263   serial.o
      2356        314        139         16        129      12054   shell.o
        60         22        392          0       1024        828   startup_stm32f407xx.o
       100         50          0          0          0        629   stdlib.o
        60          6          0          9          0       6770   stm32f4xx_hal.o
       372         28          0          0          0      34621   stm32f4xx_hal_cortex.o
       972         10          8          0          0       6002   stm32f4xx_hal_dma.o
       908         88          0          0          0       3860   stm32f4xx_hal_gpio.o
       444         46          0          0          0       2290   stm32f4xx_hal_msp.o
      1820         84          0          0          0       5136   stm32f4xx_hal_rcc.o
       416         20          0          0          0       1244   stm32f4xx_hal_rcc_ex.o
      2844         38          0          0          0      14255   stm32f4xx_hal_uart.o
        12          0          0          0          0        552   syscalls.o
        20          6         24          4          0       1067   system_stm32f4xx.o
      2034        604        253         12          0      14575   thread.o
      1658        534        108         20          0      13281   timer.o

    ----------------------------------------------------------------------
     42782       9432       4948        560       3168    1191671   Object Totals
         0          0         32          0          0          0   (incl. Generated)
        36          0         13          6          3          0   (incl. Padding)

    ----------------------------------------------------------------------

      Code (inc. data)   RO Data    RW Data    ZI Data      Debug   Library Member Name

        90          0          0          0          0          0   __dczerorl2.o
         8          0          0          0          0         68   __main.o
         0          0          0          0          0          0   __rtentry.o
        12          0          0          0          0          0   __rtentry2.o
         6          0          0          0          0          0   __rtentry4.o
        52          8          0          0          0          0   __scatter.o
        28          0          0          0          0          0   __scatter_zi.o
        12          0          0          0          0         72   exit.o
         6          0          0          0          0        152   heapauxi.o
         2          0          0          0          0          0   libinit.o
         6          0          0          0          0          0   libinit2.o
         2          0          0          0          0          0   libshutdown.o
         2          0          0          0          0          0   libshutdown2.o
         8          4          0          0         96         68   libspace.o
       238          0          0          0          0        100   lludivv7m.o
        88          0          0          0          0         76   memcmp.o
        68          0          0          0          0         68   rt_memclr.o
        78          0          0          0          0         80   rt_memclr_w.o
         2          0          0          0          0          0   rtexit.o
        10          0          0          0          0          0   rtexit2.o
        24          0          0          0          0         68   strcat.o
        72          0          0          0          0         80   strcpy.o
        62          0          0          0          0         76   strlen.o
       150          0          0          0          0         80   strncmp.o
        86          0          0          0          0         76   strncpy.o
        74          0          0          0          0         80   sys_stackheap_outer.o
         2          0          0          0          0         68   use_no_semi.o
        10          0          0          0          0        116   fpinit.o

    ----------------------------------------------------------------------
      1202         12          0          0         96       1328   Library Totals
         4          0          0          0          0          0   (incl. Padding)

    ----------------------------------------------------------------------

      Code (inc. data)   RO Data    RW Data    ZI Data      Debug   Library Name

      1188         12          0          0         96       1212   c_w.l
        10          0          0          0          0        116   fz_wm.l

    ----------------------------------------------------------------------
      1202         12          0          0         96       1328   Library Totals

    ----------------------------------------------------------------------

==============================================================================


      Code (inc. data)   RO Data    RW Data    ZI Data      Debug   

     43984       9444       4948        560       3264    1163027   Grand Totals
     43984       9444       4948        128       3264    1163027   ELF Image Totals (compressed)
     43984       9444       4948        128          0          0   ROM Totals

==============================================================================

    Total RO  Size (Code + RO Data)                48932 (  47.79kB)
    Total RW  Size (RW Data + ZI Data)              3824 (   3.73kB)
    Total ROM Size (Code + RO Data + RW Data)      49060 (  47.91kB)

==============================================================================

