<html>
<body>
<pre>
<h1>µVision Build Log</h1>
<h2>Tool Versions:</h2>
IDE-Version: ¦ÌVision V5.14.0.0
Copyright (C) 2015 ARM Ltd and ARM Germany GmbH. All rights reserved.
License Information: SHIRE SAMASH, SELF, LIC=AK101-CLWUI-04RSQ-NEFXW-NF08P-DYIZB
 
Tool Versions:
Toolchain:       MDK-ARM Professional  Version: 5.14.0.0
Toolchain Path:  C:\myfile\MDK5\ARM\ARMCC\Bin
C Compiler:      Armcc.exe V5.05 update 1 (build 106)
Assembler:       Armasm.exe V5.05 update 1 (build 106)
Linker/Locator:  ArmLink.exe V5.05 update 1 (build 106)
Library Manager: ArmAr.exe V5.05 update 1 (build 106)
Hex Converter:   FromElf.exe V5.05 update 1 (build 106)
CPU DLL:         SARMCM3.DLL V5.14.0.0
Dialog DLL:      DCM.DLL V1.13.1.0
Target DLL:      STLink\ST-LINKIII-KEIL_SWO.dll V2.0.14.0_KEIL
Dialog DLL:      TCM.DLL V1.14.4.0
 
<h2>Project:</h2>
E:\ST\st-project\f407-rtt-stander\project\project.uvprojx
Project File Date:  12/06/2022

<h2>Output:</h2>
Rebuild target 'rt-thread'
compiling main.c...
compiling syscalls.c...
compiling syscall_mem.c...
compiling time.c...
compiling stdlib.c...
compiling shell.c...
compiling msh.c...
compiling cmd.c...
compiling backtrace.c...
assembling context_rvds.S...
compiling cpuport.c...
compiling div0.c...
compiling showmem.c...
assembling startup_stm32f407xx.s...
compiling system_stm32f4xx.c...
compiling stm32f4xx_hal.c...
compiling stm32f4xx_hal_rcc_ex.c...
compiling stm32f4xx_hal_rcc.c...
compiling stm32f4xx_hal_uart.c...
compiling stm32f4xx_hal_dma.c...
compiling stm32f4xx_hal_gpio.c...
compiling stm32f4xx_hal_cortex.c...
compiling stm32f4xx_hal_msp.c...
compiling board.c...
compiling drv_common.c...
compiling drv_gpio.c...
compiling drv_usart.c...
compiling clock.c...
compiling components.c...
compiling cpu.c...
compiling device.c...
compiling idle.c...
compiling ipc.c...
compiling irq.c...
compiling kservice.c...
compiling mem.c...
compiling memheap.c...
compiling mempool.c...
compiling object.c...
compiling scheduler.c...
compiling signal.c...
compiling slab.c...
compiling thread.c...
compiling timer.c...
compiling serial.c...
compiling pin.c...
compiling workqueue.c...
compiling waitqueue.c...
compiling ringbuffer.c...
compiling ringblk_buf.c...
compiling pipe.c...
compiling dataqueue.c...
compiling completion.c...
linking...
Program Size: Code=43984 RO-data=4948 RW-data=560 ZI-data=3264  
".\obj\rt-thread.axf" - 0 Error(s), 0 Warning(s).

<h2>Collection of Component include folders:</h2>
  E:\ST\st-project\f407-rtt-stander\project\RTE
  C:\myfile\MDK5\ARM\PACK\Keil\STM32F4xx_DFP\1.0.8\Device\Include

<h2>Collection of Component Files used:</h2>
</pre>
</body>
</html>
